MPLINK 4.40, Linker
Linker Map File - Created Thu Apr 05 08:02:56 2012

                                 Section Info
                  Section       Type    Address   Location Size(Bytes)
                ---------  ---------  ---------  ---------  ---------
               _entry_scn       code   0x000000    program   0x000006
                   .cinit    romdata   0x000006    program   0x00000e
             .code_main.o       code   0x000014    program   0x00012c
               _cinit_scn       code   0x000140    program   0x00009e
         .code_i2c1writ.o       code   0x0001de    program   0x000082
                    .code       code   0x000260    program   0x000020
             _startup_scn       code   0x000280    program   0x00001a
             .stringtable    romdata   0x00029a    program   0x000010
           .code___init.o       code   0x0002aa    program   0x000002
          .romdata_main.o    romdata   0x0002ac    program   0x000000
          .idata_main.o_i    romdata   0x0002ac    program   0x00000d
      .romdata_i2c1writ.o    romdata   0x0002ac    program   0x000000
       .romdata_c018i_e.o    romdata   0x0002ac    program   0x000000
        .romdata___init.o    romdata   0x0002ac    program   0x000000
      .idata_i2c1writ.o_i    romdata   0x0002b9    program   0x000000
        .idata___init.o_i    romdata   0x0002b9    program   0x000000
       .idata_c018i_e.o_i    romdata   0x0002b9    program   0x000000
          .code_c018i_e.o       code   0x0002ba    program   0x000000
            .idata_main.o      idata   0x000000       data   0x00000d
         .udata_c018i_e.o      udata   0x00000d       data   0x00000a
                 .tmpdata      udata   0x000017       data   0x000001
         .idata_c018i_e.o      idata   0x000018       data   0x000000
            .udata_main.o      udata   0x000018       data   0x000000
          .idata___init.o      idata   0x000018       data   0x000000
          .udata___init.o      udata   0x000018       data   0x000000
        .idata_i2c1writ.o      idata   0x000018       data   0x000000
        .udata_i2c1writ.o      udata   0x000018       data   0x000000
                   .stack      udata   0x000d00       data   0x000100
              SFR_BANKED0      udata   0x000ec6       data   0x00000e
              SFR_BANKED1      udata   0x000ed7       data   0x000002
              SFR_BANKED2      udata   0x000ee7       data   0x000004
              SFR_BANKED3      udata   0x000eec       data   0x000003
              SFR_BANKED4      udata   0x000ef2       data   0x000002
              SFR_BANKED5      udata   0x000ef6       data   0x000002
              SFR_BANKED6      udata   0x000efb       data   0x000005
              SFR_BANKED7      udata   0x000f26       data   0x000014
              SFR_BANKED8      udata   0x000f3c       data   0x000007
              SFR_BANKED9      udata   0x000f48       data   0x000008
             SFR_BANKED10      udata   0x000f52       data   0x000002
            SFR_UNBANKED0      udata   0x000f60       data   0x0000a0



                              Program Memory Usage 
                               Start         End      
                           ---------   ---------      
                            0x000000    0x0002b8      
            697 out of 65538 program addresses used, program memory utilization is 1%



                              Symbols - Sorted by Name
                     Name    Address   Location    Storage File                     
                ---------  ---------  ---------  --------- ---------                
                I2C_Start   0x00004a    program     extern E:\Documents\ClassFiles\ece4534\pic_code\26J50-I2C-Master\main.c
                 I2C_Stop   0x000052    program     extern E:\Documents\ClassFiles\ece4534\pic_code\26J50-I2C-Master\main.c
                  I2C_out   0x00002e    program     extern E:\Documents\ClassFiles\ece4534\pic_code\26J50-I2C-Master\main.c
                     Show   0x00005a    program     extern E:\Documents\ClassFiles\ece4534\pic_code\26J50-I2C-Master\main.c
                WriteI2C1   0x0001de    program     extern C:\MCC18\v3_39\src\pmc_common\i2c\i2c1writ.c
       ___return_lbl00000   0x000004    program     static                          
       ___return_lbl00001   0x000298    program     static                          
       ___return_lbl00002   0x0001dc    program     static                          
                   __init   0x0002aa    program     extern C:\MCC18\v3_39\src\extended\stdclib\__init.c
               __string_0   0x00029a    program     static E:\Documents\ClassFiles\ece4534\pic_code\26J50-I2C-Master\main.c
            __zero_memory   0x000260    program     extern C:\MCC18\v3_39\src\extended\proc\p18F26J50.asm
                _do_cinit   0x000140    program     extern C:\MCC18\v3_39\src\extended\startup\c018i_e.c
                   _entry   0x000000    program     extern C:\MCC18\v3_39\src\extended\startup\c018i_e.c
                 _startup   0x000280    program     extern C:\MCC18\v3_39\src\extended\startup\c018i_e.c
                compare_l   0x000276    program     static C:\MCC18\v3_39\src\extended\proc\p18F26J50.asm
                copy_loop   0x0001b2    program     static                          
            copy_one_byte   0x0001b8    program     static                          
                     done   0x0001dc    program     static                          
             done_copying   0x0001c6    program     static                          
                 init_LCD   0x0000b2    program     extern E:\Documents\ClassFiles\ece4534\pic_code\26J50-I2C-Master\main.c
                     loop   0x00028e    program     static                          
                   loop_h   0x00026e    program     static C:\MCC18\v3_39\src\extended\proc\p18F26J50.asm
                   loop_l   0x000278    program     static C:\MCC18\v3_39\src\extended\proc\p18F26J50.asm
                     main   0x000108    program     extern E:\Documents\ClassFiles\ece4534\pic_code\26J50-I2C-Master\main.c
                     test   0x00015a    program     static                          
            wait_a_little   0x000014    program     extern E:\Documents\ClassFiles\ece4534\pic_code\26J50-I2C-Master\main.c
               zero_block   0x00026e    program     static C:\MCC18\v3_39\src\extended\proc\p18F26J50.asm
                   ADCON0   0x000fc2       data     extern C:\MCC18\v3_39\src\extended\proc\p18F26J50.asm
               ADCON0bits   0x000fc2       data     extern C:\MCC18\v3_39\src\extended\proc\p18F26J50.asm
                   ADCON1   0x000fc1       data     extern C:\MCC18\v3_39\src\extended\proc\p18F26J50.asm
               ADCON1bits   0x000fc1       data     extern C:\MCC18\v3_39\src\extended\proc\p18F26J50.asm
                    ADRES   0x000fc3       data     extern C:\MCC18\v3_39\src\extended\proc\p18F26J50.asm
                   ADRESH   0x000fc4       data     extern C:\MCC18\v3_39\src\extended\proc\p18F26J50.asm
                   ADRESL   0x000fc3       data     extern C:\MCC18\v3_39\src\extended\proc\p18F26J50.asm
                  ALRMCFG   0x000f91       data     extern C:\MCC18\v3_39\src\extended\proc\p18F26J50.asm
              ALRMCFGbits   0x000f91       data     extern C:\MCC18\v3_39\src\extended\proc\p18F26J50.asm
                  ALRMRPT   0x000f90       data     extern C:\MCC18\v3_39\src\extended\proc\p18F26J50.asm
              ALRMRPTbits   0x000f90       data     extern C:\MCC18\v3_39\src\extended\proc\p18F26J50.asm
                 ALRMVALH   0x000f8f       data     extern C:\MCC18\v3_39\src\extended\proc\p18F26J50.asm
                 ALRMVALL   0x000f8e       data     extern C:\MCC18\v3_39\src\extended\proc\p18F26J50.asm
                   ANCON0   0x000f48       data     extern C:\MCC18\v3_39\src\extended\proc\p18F26J50.asm
               ANCON0bits   0x000f48       data     extern C:\MCC18\v3_39\src\extended\proc\p18F26J50.asm
                   ANCON1   0x000f49       data     extern C:\MCC18\v3_39\src\extended\proc\p18F26J50.asm
               ANCON1bits   0x000f49       data     extern C:\MCC18\v3_39\src\extended\proc\p18F26J50.asm
                  BAUDCON   0x000f7e       data     extern C:\MCC18\v3_39\src\extended\proc\p18F26J50.asm
                 BAUDCON1   0x000f7e       data     extern C:\MCC18\v3_39\src\extended\proc\p18F26J50.asm
             BAUDCON1bits   0x000f7e       data     extern C:\MCC18\v3_39\src\extended\proc\p18F26J50.asm
                 BAUDCON2   0x000f7c       data     extern C:\MCC18\v3_39\src\extended\proc\p18F26J50.asm
             BAUDCON2bits   0x000f7c       data     extern C:\MCC18\v3_39\src\extended\proc\p18F26J50.asm
              BAUDCONbits   0x000f7e       data     extern C:\MCC18\v3_39\src\extended\proc\p18F26J50.asm
                  BAUDCTL   0x000f7e       data     extern C:\MCC18\v3_39\src\extended\proc\p18F26J50.asm
              BAUDCTLbits   0x000f7e       data     extern C:\MCC18\v3_39\src\extended\proc\p18F26J50.asm
                      BSR   0x000fe0       data     extern C:\MCC18\v3_39\src\extended\proc\p18F26J50.asm
                  CCP1CON   0x000fba       data     extern C:\MCC18\v3_39\src\extended\proc\p18F26J50.asm
              CCP1CONbits   0x000fba       data     extern C:\MCC18\v3_39\src\extended\proc\p18F26J50.asm
                  CCP2CON   0x000fb4       data     extern C:\MCC18\v3_39\src\extended\proc\p18F26J50.asm
              CCP2CONbits   0x000fb4       data     extern C:\MCC18\v3_39\src\extended\proc\p18F26J50.asm
                    CCPR1   0x000fbb       data     extern C:\MCC18\v3_39\src\extended\proc\p18F26J50.asm
                   CCPR1H   0x000fbc       data     extern C:\MCC18\v3_39\src\extended\proc\p18F26J50.asm
                   CCPR1L   0x000fbb       data     extern C:\MCC18\v3_39\src\extended\proc\p18F26J50.asm
                    CCPR2   0x000fb5       data     extern C:\MCC18\v3_39\src\extended\proc\p18F26J50.asm
                   CCPR2H   0x000fb6       data     extern C:\MCC18\v3_39\src\extended\proc\p18F26J50.asm
                   CCPR2L   0x000fb5       data     extern C:\MCC18\v3_39\src\extended\proc\p18F26J50.asm
                   CM1CON   0x000fd2       data     extern C:\MCC18\v3_39\src\extended\proc\p18F26J50.asm
                  CM1CON1   0x000fd2       data     extern C:\MCC18\v3_39\src\extended\proc\p18F26J50.asm
              CM1CON1bits   0x000fd2       data     extern C:\MCC18\v3_39\src\extended\proc\p18F26J50.asm
               CM1CONbits   0x000fd2       data     extern C:\MCC18\v3_39\src\extended\proc\p18F26J50.asm
                   CM2CON   0x000fd1       data     extern C:\MCC18\v3_39\src\extended\proc\p18F26J50.asm
                  CM2CON1   0x000fd1       data     extern C:\MCC18\v3_39\src\extended\proc\p18F26J50.asm
              CM2CON1bits   0x000fd1       data     extern C:\MCC18\v3_39\src\extended\proc\p18F26J50.asm
               CM2CONbits   0x000fd1       data     extern C:\MCC18\v3_39\src\extended\proc\p18F26J50.asm
                   CMSTAT   0x000f70       data     extern C:\MCC18\v3_39\src\extended\proc\p18F26J50.asm
                 CMSTATUS   0x000f70       data     extern C:\MCC18\v3_39\src\extended\proc\p18F26J50.asm
             CMSTATUSbits   0x000f70       data     extern C:\MCC18\v3_39\src\extended\proc\p18F26J50.asm
               CMSTATbits   0x000f70       data     extern C:\MCC18\v3_39\src\extended\proc\p18F26J50.asm
                 CTMUCONH   0x000fb3       data     extern C:\MCC18\v3_39\src\extended\proc\p18F26J50.asm
             CTMUCONHbits   0x000fb3       data     extern C:\MCC18\v3_39\src\extended\proc\p18F26J50.asm
                 CTMUCONL   0x000fb2       data     extern C:\MCC18\v3_39\src\extended\proc\p18F26J50.asm
             CTMUCONLbits   0x000fb2       data     extern C:\MCC18\v3_39\src\extended\proc\p18F26J50.asm
                 CTMUICON   0x000fb1       data     extern C:\MCC18\v3_39\src\extended\proc\p18F26J50.asm
             CTMUICONbits   0x000fb1       data     extern C:\MCC18\v3_39\src\extended\proc\p18F26J50.asm
                   CVRCON   0x000f53       data     extern C:\MCC18\v3_39\src\extended\proc\p18F26J50.asm
               CVRCONbits   0x000f53       data     extern C:\MCC18\v3_39\src\extended\proc\p18F26J50.asm
                    Clear   0x00000b       data     extern E:\Documents\ClassFiles\ece4534\pic_code\26J50-I2C-Master\main.c
                  Comsend   0x000001       data     extern E:\Documents\ClassFiles\ece4534\pic_code\26J50-I2C-Master\main.c
                 Contrast   0x000008       data     extern E:\Documents\ClassFiles\ece4534\pic_code\26J50-I2C-Master\main.c
                   DMABCH   0x000f66       data     extern C:\MCC18\v3_39\src\extended\proc\p18F26J50.asm
               DMABCHbits   0x000f66       data     extern C:\MCC18\v3_39\src\extended\proc\p18F26J50.asm
                   DMABCL   0x000f67       data     extern C:\MCC18\v3_39\src\extended\proc\p18F26J50.asm
                  DMACON1   0x000f88       data     extern C:\MCC18\v3_39\src\extended\proc\p18F26J50.asm
              DMACON1bits   0x000f88       data     extern C:\MCC18\v3_39\src\extended\proc\p18F26J50.asm
                  DMACON2   0x000f86       data     extern C:\MCC18\v3_39\src\extended\proc\p18F26J50.asm
              DMACON2bits   0x000f86       data     extern C:\MCC18\v3_39\src\extended\proc\p18F26J50.asm
                   DSCONH   0x000f4d       data     extern C:\MCC18\v3_39\src\extended\proc\p18F26J50.asm
               DSCONHbits   0x000f4d       data     extern C:\MCC18\v3_39\src\extended\proc\p18F26J50.asm
                   DSCONL   0x000f4c       data     extern C:\MCC18\v3_39\src\extended\proc\p18F26J50.asm
               DSCONLbits   0x000f4c       data     extern C:\MCC18\v3_39\src\extended\proc\p18F26J50.asm
                   DSGPR0   0x000f4e       data     extern C:\MCC18\v3_39\src\extended\proc\p18F26J50.asm
                   DSGPR1   0x000f4f       data     extern C:\MCC18\v3_39\src\extended\proc\p18F26J50.asm
                  DSWAKEH   0x000f4b       data     extern C:\MCC18\v3_39\src\extended\proc\p18F26J50.asm
              DSWAKEHbits   0x000f4b       data     extern C:\MCC18\v3_39\src\extended\proc\p18F26J50.asm
                  DSWAKEL   0x000f4a       data     extern C:\MCC18\v3_39\src\extended\proc\p18F26J50.asm
              DSWAKELbits   0x000f4a       data     extern C:\MCC18\v3_39\src\extended\proc\p18F26J50.asm
                 Datasend   0x000002       data     extern E:\Documents\ClassFiles\ece4534\pic_code\26J50-I2C-Master\main.c
                Displayon   0x000009       data     extern E:\Documents\ClassFiles\ece4534\pic_code\26J50-I2C-Master\main.c
                  ECCP1AS   0x000fbe       data     extern C:\MCC18\v3_39\src\extended\proc\p18F26J50.asm
              ECCP1ASbits   0x000fbe       data     extern C:\MCC18\v3_39\src\extended\proc\p18F26J50.asm
                 ECCP1CON   0x000fba       data     extern C:\MCC18\v3_39\src\extended\proc\p18F26J50.asm
             ECCP1CONbits   0x000fba       data     extern C:\MCC18\v3_39\src\extended\proc\p18F26J50.asm
                 ECCP1DEL   0x000fbd       data     extern C:\MCC18\v3_39\src\extended\proc\p18F26J50.asm
             ECCP1DELbits   0x000fbd       data     extern C:\MCC18\v3_39\src\extended\proc\p18F26J50.asm
                  ECCP2AS   0x000fb8       data     extern C:\MCC18\v3_39\src\extended\proc\p18F26J50.asm
              ECCP2ASbits   0x000fb8       data     extern C:\MCC18\v3_39\src\extended\proc\p18F26J50.asm
                 ECCP2CON   0x000fb4       data     extern C:\MCC18\v3_39\src\extended\proc\p18F26J50.asm
             ECCP2CONbits   0x000fb4       data     extern C:\MCC18\v3_39\src\extended\proc\p18F26J50.asm
                 ECCP2DEL   0x000fb7       data     extern C:\MCC18\v3_39\src\extended\proc\p18F26J50.asm
             ECCP2DELbits   0x000fb7       data     extern C:\MCC18\v3_39\src\extended\proc\p18F26J50.asm
                   EECON1   0x000fa6       data     extern C:\MCC18\v3_39\src\extended\proc\p18F26J50.asm
               EECON1bits   0x000fa6       data     extern C:\MCC18\v3_39\src\extended\proc\p18F26J50.asm
                   EECON2   0x000fa7       data     extern C:\MCC18\v3_39\src\extended\proc\p18F26J50.asm
                Entrymode   0x00000a       data     extern E:\Documents\ClassFiles\ece4534\pic_code\26J50-I2C-Master\main.c
                     FSR0   0x000fe9       data     extern C:\MCC18\v3_39\src\extended\proc\p18F26J50.asm
                    FSR0H   0x000fea       data     extern C:\MCC18\v3_39\src\extended\proc\p18F26J50.asm
                    FSR0L   0x000fe9       data     extern C:\MCC18\v3_39\src\extended\proc\p18F26J50.asm
                     FSR1   0x000fe1       data     extern C:\MCC18\v3_39\src\extended\proc\p18F26J50.asm
                    FSR1H   0x000fe2       data     extern C:\MCC18\v3_39\src\extended\proc\p18F26J50.asm
                    FSR1L   0x000fe1       data     extern C:\MCC18\v3_39\src\extended\proc\p18F26J50.asm
                     FSR2   0x000fd9       data     extern C:\MCC18\v3_39\src\extended\proc\p18F26J50.asm
                    FSR2H   0x000fda       data     extern C:\MCC18\v3_39\src\extended\proc\p18F26J50.asm
                    FSR2L   0x000fd9       data     extern C:\MCC18\v3_39\src\extended\proc\p18F26J50.asm
          Followercontrol   0x000007       data     extern E:\Documents\ClassFiles\ece4534\pic_code\26J50-I2C-Master\main.c
                 Function   0x000004       data     extern E:\Documents\ClassFiles\ece4534\pic_code\26J50-I2C-Master\main.c
                  HLVDCON   0x000f85       data     extern C:\MCC18\v3_39\src\extended\proc\p18F26J50.asm
              HLVDCONbits   0x000f85       data     extern C:\MCC18\v3_39\src\extended\proc\p18F26J50.asm
                    INDF0   0x000fef       data     extern C:\MCC18\v3_39\src\extended\proc\p18F26J50.asm
                    INDF1   0x000fe7       data     extern C:\MCC18\v3_39\src\extended\proc\p18F26J50.asm
                    INDF2   0x000fdf       data     extern C:\MCC18\v3_39\src\extended\proc\p18F26J50.asm
                   INTCON   0x000ff2       data     extern C:\MCC18\v3_39\src\extended\proc\p18F26J50.asm
                  INTCON2   0x000ff1       data     extern C:\MCC18\v3_39\src\extended\proc\p18F26J50.asm
              INTCON2bits   0x000ff1       data     extern C:\MCC18\v3_39\src\extended\proc\p18F26J50.asm
                  INTCON3   0x000ff0       data     extern C:\MCC18\v3_39\src\extended\proc\p18F26J50.asm
              INTCON3bits   0x000ff0       data     extern C:\MCC18\v3_39\src\extended\proc\p18F26J50.asm
               INTCONbits   0x000ff2       data     extern C:\MCC18\v3_39\src\extended\proc\p18F26J50.asm
                     IPR1   0x000f9f       data     extern C:\MCC18\v3_39\src\extended\proc\p18F26J50.asm
                 IPR1bits   0x000f9f       data     extern C:\MCC18\v3_39\src\extended\proc\p18F26J50.asm
                     IPR2   0x000fa2       data     extern C:\MCC18\v3_39\src\extended\proc\p18F26J50.asm
                 IPR2bits   0x000fa2       data     extern C:\MCC18\v3_39\src\extended\proc\p18F26J50.asm
                     IPR3   0x000fa5       data     extern C:\MCC18\v3_39\src\extended\proc\p18F26J50.asm
                 IPR3bits   0x000fa5       data     extern C:\MCC18\v3_39\src\extended\proc\p18F26J50.asm
              Internalosc   0x000005       data     extern E:\Documents\ClassFiles\ece4534\pic_code\26J50-I2C-Master\main.c
                     LATA   0x000f89       data     extern C:\MCC18\v3_39\src\extended\proc\p18F26J50.asm
                 LATAbits   0x000f89       data     extern C:\MCC18\v3_39\src\extended\proc\p18F26J50.asm
                     LATB   0x000f8a       data     extern C:\MCC18\v3_39\src\extended\proc\p18F26J50.asm
                 LATBbits   0x000f8a       data     extern C:\MCC18\v3_39\src\extended\proc\p18F26J50.asm
                     LATC   0x000f8b       data     extern C:\MCC18\v3_39\src\extended\proc\p18F26J50.asm
                 LATCbits   0x000f8b       data     extern C:\MCC18\v3_39\src\extended\proc\p18F26J50.asm
                    Line2   0x00000c       data     extern E:\Documents\ClassFiles\ece4534\pic_code\26J50-I2C-Master\main.c
                   ODCON1   0x000f42       data     extern C:\MCC18\v3_39\src\extended\proc\p18F26J50.asm
               ODCON1bits   0x000f42       data     extern C:\MCC18\v3_39\src\extended\proc\p18F26J50.asm
                   ODCON2   0x000f41       data     extern C:\MCC18\v3_39\src\extended\proc\p18F26J50.asm
               ODCON2bits   0x000f41       data     extern C:\MCC18\v3_39\src\extended\proc\p18F26J50.asm
                   ODCON3   0x000f40       data     extern C:\MCC18\v3_39\src\extended\proc\p18F26J50.asm
               ODCON3bits   0x000f40       data     extern C:\MCC18\v3_39\src\extended\proc\p18F26J50.asm
                   OSCCON   0x000fd3       data     extern C:\MCC18\v3_39\src\extended\proc\p18F26J50.asm
               OSCCONbits   0x000fd3       data     extern C:\MCC18\v3_39\src\extended\proc\p18F26J50.asm
                  OSCTUNE   0x000f9b       data     extern C:\MCC18\v3_39\src\extended\proc\p18F26J50.asm
              OSCTUNEbits   0x000f9b       data     extern C:\MCC18\v3_39\src\extended\proc\p18F26J50.asm
                  PADCFG1   0x000f3c       data     extern C:\MCC18\v3_39\src\extended\proc\p18F26J50.asm
              PADCFG1bits   0x000f3c       data     extern C:\MCC18\v3_39\src\extended\proc\p18F26J50.asm
                       PC   0x000ff9       data     extern C:\MCC18\v3_39\src\extended\proc\p18F26J50.asm
                      PCL   0x000ff9       data     extern C:\MCC18\v3_39\src\extended\proc\p18F26J50.asm
                   PCLATH   0x000ffa       data     extern C:\MCC18\v3_39\src\extended\proc\p18F26J50.asm
                   PCLATU   0x000ffb       data     extern C:\MCC18\v3_39\src\extended\proc\p18F26J50.asm
                     PIE1   0x000f9d       data     extern C:\MCC18\v3_39\src\extended\proc\p18F26J50.asm
                 PIE1bits   0x000f9d       data     extern C:\MCC18\v3_39\src\extended\proc\p18F26J50.asm
                     PIE2   0x000fa0       data     extern C:\MCC18\v3_39\src\extended\proc\p18F26J50.asm
                 PIE2bits   0x000fa0       data     extern C:\MCC18\v3_39\src\extended\proc\p18F26J50.asm
                     PIE3   0x000fa3       data     extern C:\MCC18\v3_39\src\extended\proc\p18F26J50.asm
                 PIE3bits   0x000fa3       data     extern C:\MCC18\v3_39\src\extended\proc\p18F26J50.asm
                     PIR1   0x000f9e       data     extern C:\MCC18\v3_39\src\extended\proc\p18F26J50.asm
                 PIR1bits   0x000f9e       data     extern C:\MCC18\v3_39\src\extended\proc\p18F26J50.asm
                     PIR2   0x000fa1       data     extern C:\MCC18\v3_39\src\extended\proc\p18F26J50.asm
                 PIR2bits   0x000fa1       data     extern C:\MCC18\v3_39\src\extended\proc\p18F26J50.asm
                     PIR3   0x000fa4       data     extern C:\MCC18\v3_39\src\extended\proc\p18F26J50.asm
                 PIR3bits   0x000fa4       data     extern C:\MCC18\v3_39\src\extended\proc\p18F26J50.asm
                   PLUSW0   0x000feb       data     extern C:\MCC18\v3_39\src\extended\proc\p18F26J50.asm
                   PLUSW1   0x000fe3       data     extern C:\MCC18\v3_39\src\extended\proc\p18F26J50.asm
                   PLUSW2   0x000fdb       data     extern C:\MCC18\v3_39\src\extended\proc\p18F26J50.asm
                    PORTA   0x000f80       data     extern C:\MCC18\v3_39\src\extended\proc\p18F26J50.asm
                PORTAbits   0x000f80       data     extern C:\MCC18\v3_39\src\extended\proc\p18F26J50.asm
                    PORTB   0x000f81       data     extern C:\MCC18\v3_39\src\extended\proc\p18F26J50.asm
                PORTBbits   0x000f81       data     extern C:\MCC18\v3_39\src\extended\proc\p18F26J50.asm
                    PORTC   0x000f82       data     extern C:\MCC18\v3_39\src\extended\proc\p18F26J50.asm
                PORTCbits   0x000f82       data     extern C:\MCC18\v3_39\src\extended\proc\p18F26J50.asm
                 POSTDEC0   0x000fed       data     extern C:\MCC18\v3_39\src\extended\proc\p18F26J50.asm
                 POSTDEC1   0x000fe5       data     extern C:\MCC18\v3_39\src\extended\proc\p18F26J50.asm
                 POSTDEC2   0x000fdd       data     extern C:\MCC18\v3_39\src\extended\proc\p18F26J50.asm
                 POSTINC0   0x000fee       data     extern C:\MCC18\v3_39\src\extended\proc\p18F26J50.asm
                 POSTINC1   0x000fe6       data     extern C:\MCC18\v3_39\src\extended\proc\p18F26J50.asm
                 POSTINC2   0x000fde       data     extern C:\MCC18\v3_39\src\extended\proc\p18F26J50.asm
                   PPSCON   0x000eff       data     extern C:\MCC18\v3_39\src\extended\proc\p18F26J50.asm
               PPSCONbits   0x000eff       data     extern C:\MCC18\v3_39\src\extended\proc\p18F26J50.asm
                      PR2   0x000fcb       data     extern C:\MCC18\v3_39\src\extended\proc\p18F26J50.asm
                      PR4   0x000f77       data     extern C:\MCC18\v3_39\src\extended\proc\p18F26J50.asm
                  PREINC0   0x000fec       data     extern C:\MCC18\v3_39\src\extended\proc\p18F26J50.asm
                  PREINC1   0x000fe4       data     extern C:\MCC18\v3_39\src\extended\proc\p18F26J50.asm
                  PREINC2   0x000fdc       data     extern C:\MCC18\v3_39\src\extended\proc\p18F26J50.asm
                     PROD   0x000ff3       data     extern C:\MCC18\v3_39\src\extended\proc\p18F26J50.asm
                    PRODH   0x000ff4       data     extern C:\MCC18\v3_39\src\extended\proc\p18F26J50.asm
                    PRODL   0x000ff3       data     extern C:\MCC18\v3_39\src\extended\proc\p18F26J50.asm
                 PSTR1CON   0x000fbf       data     extern C:\MCC18\v3_39\src\extended\proc\p18F26J50.asm
             PSTR1CONbits   0x000fbf       data     extern C:\MCC18\v3_39\src\extended\proc\p18F26J50.asm
                 PSTR2CON   0x000fb9       data     extern C:\MCC18\v3_39\src\extended\proc\p18F26J50.asm
             PSTR2CONbits   0x000fb9       data     extern C:\MCC18\v3_39\src\extended\proc\p18F26J50.asm
                  PWM1CON   0x000fbd       data     extern C:\MCC18\v3_39\src\extended\proc\p18F26J50.asm
              PWM1CONbits   0x000fbd       data     extern C:\MCC18\v3_39\src\extended\proc\p18F26J50.asm
                  PWM2CON   0x000fb7       data     extern C:\MCC18\v3_39\src\extended\proc\p18F26J50.asm
              PWM2CONbits   0x000fb7       data     extern C:\MCC18\v3_39\src\extended\proc\p18F26J50.asm
             Powercontrol   0x000006       data     extern E:\Documents\ClassFiles\ece4534\pic_code\26J50-I2C-Master\main.c
                     RCON   0x000fd0       data     extern C:\MCC18\v3_39\src\extended\proc\p18F26J50.asm
                 RCONbits   0x000fd0       data     extern C:\MCC18\v3_39\src\extended\proc\p18F26J50.asm
                    RCREG   0x000faf       data     extern C:\MCC18\v3_39\src\extended\proc\p18F26J50.asm
                   RCREG1   0x000faf       data     extern C:\MCC18\v3_39\src\extended\proc\p18F26J50.asm
                   RCREG2   0x000faa       data     extern C:\MCC18\v3_39\src\extended\proc\p18F26J50.asm
                    RCSTA   0x000fac       data     extern C:\MCC18\v3_39\src\extended\proc\p18F26J50.asm
                   RCSTA1   0x000fac       data     extern C:\MCC18\v3_39\src\extended\proc\p18F26J50.asm
               RCSTA1bits   0x000fac       data     extern C:\MCC18\v3_39\src\extended\proc\p18F26J50.asm
                   RCSTA2   0x000f9c       data     extern C:\MCC18\v3_39\src\extended\proc\p18F26J50.asm
               RCSTA2bits   0x000f9c       data     extern C:\MCC18\v3_39\src\extended\proc\p18F26J50.asm
                RCSTAbits   0x000fac       data     extern C:\MCC18\v3_39\src\extended\proc\p18F26J50.asm
                  REFOCON   0x000f3d       data     extern C:\MCC18\v3_39\src\extended\proc\p18F26J50.asm
              REFOCONbits   0x000f3d       data     extern C:\MCC18\v3_39\src\extended\proc\p18F26J50.asm
                   RPINR1   0x000ee7       data     extern C:\MCC18\v3_39\src\extended\proc\p18F26J50.asm
                  RPINR12   0x000ef2       data     extern C:\MCC18\v3_39\src\extended\proc\p18F26J50.asm
                  RPINR13   0x000ef3       data     extern C:\MCC18\v3_39\src\extended\proc\p18F26J50.asm
                  RPINR16   0x000ef6       data     extern C:\MCC18\v3_39\src\extended\proc\p18F26J50.asm
                  RPINR17   0x000ef7       data     extern C:\MCC18\v3_39\src\extended\proc\p18F26J50.asm
                   RPINR2   0x000ee8       data     extern C:\MCC18\v3_39\src\extended\proc\p18F26J50.asm
                  RPINR21   0x000efb       data     extern C:\MCC18\v3_39\src\extended\proc\p18F26J50.asm
                  RPINR22   0x000efc       data     extern C:\MCC18\v3_39\src\extended\proc\p18F26J50.asm
                  RPINR23   0x000efd       data     extern C:\MCC18\v3_39\src\extended\proc\p18F26J50.asm
                  RPINR24   0x000efe       data     extern C:\MCC18\v3_39\src\extended\proc\p18F26J50.asm
                   RPINR3   0x000ee9       data     extern C:\MCC18\v3_39\src\extended\proc\p18F26J50.asm
                   RPINR4   0x000eea       data     extern C:\MCC18\v3_39\src\extended\proc\p18F26J50.asm
                   RPINR6   0x000eec       data     extern C:\MCC18\v3_39\src\extended\proc\p18F26J50.asm
                   RPINR7   0x000eed       data     extern C:\MCC18\v3_39\src\extended\proc\p18F26J50.asm
                   RPINR8   0x000eee       data     extern C:\MCC18\v3_39\src\extended\proc\p18F26J50.asm
                    RPOR0   0x000ec6       data     extern C:\MCC18\v3_39\src\extended\proc\p18F26J50.asm
                    RPOR1   0x000ec7       data     extern C:\MCC18\v3_39\src\extended\proc\p18F26J50.asm
                   RPOR10   0x000ed0       data     extern C:\MCC18\v3_39\src\extended\proc\p18F26J50.asm
                   RPOR11   0x000ed1       data     extern C:\MCC18\v3_39\src\extended\proc\p18F26J50.asm
                   RPOR12   0x000ed2       data     extern C:\MCC18\v3_39\src\extended\proc\p18F26J50.asm
                   RPOR13   0x000ed3       data     extern C:\MCC18\v3_39\src\extended\proc\p18F26J50.asm
                   RPOR17   0x000ed7       data     extern C:\MCC18\v3_39\src\extended\proc\p18F26J50.asm
                   RPOR18   0x000ed8       data     extern C:\MCC18\v3_39\src\extended\proc\p18F26J50.asm
                    RPOR2   0x000ec8       data     extern C:\MCC18\v3_39\src\extended\proc\p18F26J50.asm
                    RPOR3   0x000ec9       data     extern C:\MCC18\v3_39\src\extended\proc\p18F26J50.asm
                    RPOR4   0x000eca       data     extern C:\MCC18\v3_39\src\extended\proc\p18F26J50.asm
                    RPOR5   0x000ecb       data     extern C:\MCC18\v3_39\src\extended\proc\p18F26J50.asm
                    RPOR6   0x000ecc       data     extern C:\MCC18\v3_39\src\extended\proc\p18F26J50.asm
                    RPOR7   0x000ecd       data     extern C:\MCC18\v3_39\src\extended\proc\p18F26J50.asm
                    RPOR8   0x000ece       data     extern C:\MCC18\v3_39\src\extended\proc\p18F26J50.asm
                    RPOR9   0x000ecf       data     extern C:\MCC18\v3_39\src\extended\proc\p18F26J50.asm
                   RTCCAL   0x000f3e       data     extern C:\MCC18\v3_39\src\extended\proc\p18F26J50.asm
               RTCCALbits   0x000f3e       data     extern C:\MCC18\v3_39\src\extended\proc\p18F26J50.asm
                   RTCCFG   0x000f3f       data     extern C:\MCC18\v3_39\src\extended\proc\p18F26J50.asm
               RTCCFGbits   0x000f3f       data     extern C:\MCC18\v3_39\src\extended\proc\p18F26J50.asm
                  RTCVALH   0x000f99       data     extern C:\MCC18\v3_39\src\extended\proc\p18F26J50.asm
                  RTCVALL   0x000f98       data     extern C:\MCC18\v3_39\src\extended\proc\p18F26J50.asm
                  RXADDRH   0x000f68       data     extern C:\MCC18\v3_39\src\extended\proc\p18F26J50.asm
              RXADDRHbits   0x000f68       data     extern C:\MCC18\v3_39\src\extended\proc\p18F26J50.asm
                  RXADDRL   0x000f69       data     extern C:\MCC18\v3_39\src\extended\proc\p18F26J50.asm
                    SPBRG   0x000fb0       data     extern C:\MCC18\v3_39\src\extended\proc\p18F26J50.asm
                   SPBRG1   0x000fb0       data     extern C:\MCC18\v3_39\src\extended\proc\p18F26J50.asm
                   SPBRG2   0x000fab       data     extern C:\MCC18\v3_39\src\extended\proc\p18F26J50.asm
                   SPBRGH   0x000f7f       data     extern C:\MCC18\v3_39\src\extended\proc\p18F26J50.asm
                  SPBRGH1   0x000f7f       data     extern C:\MCC18\v3_39\src\extended\proc\p18F26J50.asm
                  SPBRGH2   0x000f7d       data     extern C:\MCC18\v3_39\src\extended\proc\p18F26J50.asm
                  SSP1ADD   0x000fc8       data     extern C:\MCC18\v3_39\src\extended\proc\p18F26J50.asm
              SSP1ADDbits   0x000fc8       data     extern C:\MCC18\v3_39\src\extended\proc\p18F26J50.asm
                  SSP1BUF   0x000fc9       data     extern C:\MCC18\v3_39\src\extended\proc\p18F26J50.asm
                 SSP1CON1   0x000fc6       data     extern C:\MCC18\v3_39\src\extended\proc\p18F26J50.asm
             SSP1CON1bits   0x000fc6       data     extern C:\MCC18\v3_39\src\extended\proc\p18F26J50.asm
                 SSP1CON2   0x000fc5       data     extern C:\MCC18\v3_39\src\extended\proc\p18F26J50.asm
             SSP1CON2bits   0x000fc5       data     extern C:\MCC18\v3_39\src\extended\proc\p18F26J50.asm
                 SSP1STAT   0x000fc7       data     extern C:\MCC18\v3_39\src\extended\proc\p18F26J50.asm
             SSP1STATbits   0x000fc7       data     extern C:\MCC18\v3_39\src\extended\proc\p18F26J50.asm
                  SSP2ADD   0x000f74       data     extern C:\MCC18\v3_39\src\extended\proc\p18F26J50.asm
              SSP2ADDbits   0x000f74       data     extern C:\MCC18\v3_39\src\extended\proc\p18F26J50.asm
                  SSP2BUF   0x000f75       data     extern C:\MCC18\v3_39\src\extended\proc\p18F26J50.asm
                 SSP2CON1   0x000f72       data     extern C:\MCC18\v3_39\src\extended\proc\p18F26J50.asm
             SSP2CON1bits   0x000f72       data     extern C:\MCC18\v3_39\src\extended\proc\p18F26J50.asm
                 SSP2CON2   0x000f71       data     extern C:\MCC18\v3_39\src\extended\proc\p18F26J50.asm
             SSP2CON2bits   0x000f71       data     extern C:\MCC18\v3_39\src\extended\proc\p18F26J50.asm
                 SSP2STAT   0x000f73       data     extern C:\MCC18\v3_39\src\extended\proc\p18F26J50.asm
             SSP2STATbits   0x000f73       data     extern C:\MCC18\v3_39\src\extended\proc\p18F26J50.asm
                   SSPADD   0x000fc8       data     extern C:\MCC18\v3_39\src\extended\proc\p18F26J50.asm
               SSPADDbits   0x000fc8       data     extern C:\MCC18\v3_39\src\extended\proc\p18F26J50.asm
                   SSPBUF   0x000fc9       data     extern C:\MCC18\v3_39\src\extended\proc\p18F26J50.asm
                  SSPCON1   0x000fc6       data     extern C:\MCC18\v3_39\src\extended\proc\p18F26J50.asm
              SSPCON1bits   0x000fc6       data     extern C:\MCC18\v3_39\src\extended\proc\p18F26J50.asm
                  SSPCON2   0x000fc5       data     extern C:\MCC18\v3_39\src\extended\proc\p18F26J50.asm
              SSPCON2bits   0x000fc5       data     extern C:\MCC18\v3_39\src\extended\proc\p18F26J50.asm
                  SSPSTAT   0x000fc7       data     extern C:\MCC18\v3_39\src\extended\proc\p18F26J50.asm
              SSPSTATbits   0x000fc7       data     extern C:\MCC18\v3_39\src\extended\proc\p18F26J50.asm
                   STATUS   0x000fd8       data     extern C:\MCC18\v3_39\src\extended\proc\p18F26J50.asm
               STATUSbits   0x000fd8       data     extern C:\MCC18\v3_39\src\extended\proc\p18F26J50.asm
                   STKPTR   0x000ffc       data     extern C:\MCC18\v3_39\src\extended\proc\p18F26J50.asm
               STKPTRbits   0x000ffc       data     extern C:\MCC18\v3_39\src\extended\proc\p18F26J50.asm
                    Slave   0x000000       data     extern E:\Documents\ClassFiles\ece4534\pic_code\26J50-I2C-Master\main.c
                    T0CON   0x000fd5       data     extern C:\MCC18\v3_39\src\extended\proc\p18F26J50.asm
                T0CONbits   0x000fd5       data     extern C:\MCC18\v3_39\src\extended\proc\p18F26J50.asm
                    T1CON   0x000fcd       data     extern C:\MCC18\v3_39\src\extended\proc\p18F26J50.asm
                T1CONbits   0x000fcd       data     extern C:\MCC18\v3_39\src\extended\proc\p18F26J50.asm
                   T1GCON   0x000f9a       data     extern C:\MCC18\v3_39\src\extended\proc\p18F26J50.asm
               T1GCONbits   0x000f9a       data     extern C:\MCC18\v3_39\src\extended\proc\p18F26J50.asm
                    T2CON   0x000fca       data     extern C:\MCC18\v3_39\src\extended\proc\p18F26J50.asm
                T2CONbits   0x000fca       data     extern C:\MCC18\v3_39\src\extended\proc\p18F26J50.asm
                    T3CON   0x000f79       data     extern C:\MCC18\v3_39\src\extended\proc\p18F26J50.asm
                T3CONbits   0x000f79       data     extern C:\MCC18\v3_39\src\extended\proc\p18F26J50.asm
                   T3GCON   0x000f97       data     extern C:\MCC18\v3_39\src\extended\proc\p18F26J50.asm
               T3GCONbits   0x000f97       data     extern C:\MCC18\v3_39\src\extended\proc\p18F26J50.asm
                    T4CON   0x000f76       data     extern C:\MCC18\v3_39\src\extended\proc\p18F26J50.asm
                T4CONbits   0x000f76       data     extern C:\MCC18\v3_39\src\extended\proc\p18F26J50.asm
                   TABLAT   0x000ff5       data     extern C:\MCC18\v3_39\src\extended\proc\p18F26J50.asm
                   TBLPTR   0x000ff6       data     extern C:\MCC18\v3_39\src\extended\proc\p18F26J50.asm
                  TBLPTRH   0x000ff7       data     extern C:\MCC18\v3_39\src\extended\proc\p18F26J50.asm
                  TBLPTRL   0x000ff6       data     extern C:\MCC18\v3_39\src\extended\proc\p18F26J50.asm
                  TBLPTRU   0x000ff8       data     extern C:\MCC18\v3_39\src\extended\proc\p18F26J50.asm
                  TCLKCON   0x000f52       data     extern C:\MCC18\v3_39\src\extended\proc\p18F26J50.asm
              TCLKCONbits   0x000f52       data     extern C:\MCC18\v3_39\src\extended\proc\p18F26J50.asm
                    TMR0H   0x000fd7       data     extern C:\MCC18\v3_39\src\extended\proc\p18F26J50.asm
                    TMR0L   0x000fd6       data     extern C:\MCC18\v3_39\src\extended\proc\p18F26J50.asm
                    TMR1H   0x000fcf       data     extern C:\MCC18\v3_39\src\extended\proc\p18F26J50.asm
                    TMR1L   0x000fce       data     extern C:\MCC18\v3_39\src\extended\proc\p18F26J50.asm
                     TMR2   0x000fcc       data     extern C:\MCC18\v3_39\src\extended\proc\p18F26J50.asm
                    TMR3H   0x000f7b       data     extern C:\MCC18\v3_39\src\extended\proc\p18F26J50.asm
                    TMR3L   0x000f7a       data     extern C:\MCC18\v3_39\src\extended\proc\p18F26J50.asm
                     TMR4   0x000f78       data     extern C:\MCC18\v3_39\src\extended\proc\p18F26J50.asm
                      TOS   0x000ffd       data     extern C:\MCC18\v3_39\src\extended\proc\p18F26J50.asm
                     TOSH   0x000ffe       data     extern C:\MCC18\v3_39\src\extended\proc\p18F26J50.asm
                     TOSL   0x000ffd       data     extern C:\MCC18\v3_39\src\extended\proc\p18F26J50.asm
                     TOSU   0x000fff       data     extern C:\MCC18\v3_39\src\extended\proc\p18F26J50.asm
                    TRISA   0x000f92       data     extern C:\MCC18\v3_39\src\extended\proc\p18F26J50.asm
                TRISAbits   0x000f92       data     extern C:\MCC18\v3_39\src\extended\proc\p18F26J50.asm
                    TRISB   0x000f93       data     extern C:\MCC18\v3_39\src\extended\proc\p18F26J50.asm
                TRISBbits   0x000f93       data     extern C:\MCC18\v3_39\src\extended\proc\p18F26J50.asm
                    TRISC   0x000f94       data     extern C:\MCC18\v3_39\src\extended\proc\p18F26J50.asm
                TRISCbits   0x000f94       data     extern C:\MCC18\v3_39\src\extended\proc\p18F26J50.asm
                  TXADDRH   0x000f6a       data     extern C:\MCC18\v3_39\src\extended\proc\p18F26J50.asm
              TXADDRHbits   0x000f6a       data     extern C:\MCC18\v3_39\src\extended\proc\p18F26J50.asm
                  TXADDRL   0x000f6b       data     extern C:\MCC18\v3_39\src\extended\proc\p18F26J50.asm
                    TXREG   0x000fae       data     extern C:\MCC18\v3_39\src\extended\proc\p18F26J50.asm
                   TXREG1   0x000fae       data     extern C:\MCC18\v3_39\src\extended\proc\p18F26J50.asm
                   TXREG2   0x000fa9       data     extern C:\MCC18\v3_39\src\extended\proc\p18F26J50.asm
                    TXSTA   0x000fad       data     extern C:\MCC18\v3_39\src\extended\proc\p18F26J50.asm
                   TXSTA1   0x000fad       data     extern C:\MCC18\v3_39\src\extended\proc\p18F26J50.asm
               TXSTA1bits   0x000fad       data     extern C:\MCC18\v3_39\src\extended\proc\p18F26J50.asm
                   TXSTA2   0x000fa8       data     extern C:\MCC18\v3_39\src\extended\proc\p18F26J50.asm
               TXSTA2bits   0x000fa8       data     extern C:\MCC18\v3_39\src\extended\proc\p18F26J50.asm
                TXSTAbits   0x000fad       data     extern C:\MCC18\v3_39\src\extended\proc\p18F26J50.asm
                    UADDR   0x000f38       data     extern C:\MCC18\v3_39\src\extended\proc\p18F26J50.asm
                UADDRbits   0x000f38       data     extern C:\MCC18\v3_39\src\extended\proc\p18F26J50.asm
                     UCFG   0x000f39       data     extern C:\MCC18\v3_39\src\extended\proc\p18F26J50.asm
                 UCFGbits   0x000f39       data     extern C:\MCC18\v3_39\src\extended\proc\p18F26J50.asm
                     UCON   0x000f65       data     extern C:\MCC18\v3_39\src\extended\proc\p18F26J50.asm
                 UCONbits   0x000f65       data     extern C:\MCC18\v3_39\src\extended\proc\p18F26J50.asm
                     UEIE   0x000f37       data     extern C:\MCC18\v3_39\src\extended\proc\p18F26J50.asm
                 UEIEbits   0x000f37       data     extern C:\MCC18\v3_39\src\extended\proc\p18F26J50.asm
                     UEIR   0x000f63       data     extern C:\MCC18\v3_39\src\extended\proc\p18F26J50.asm
                 UEIRbits   0x000f63       data     extern C:\MCC18\v3_39\src\extended\proc\p18F26J50.asm
                     UEP0   0x000f26       data     extern C:\MCC18\v3_39\src\extended\proc\p18F26J50.asm
                 UEP0bits   0x000f26       data     extern C:\MCC18\v3_39\src\extended\proc\p18F26J50.asm
                     UEP1   0x000f27       data     extern C:\MCC18\v3_39\src\extended\proc\p18F26J50.asm
                    UEP10   0x000f30       data     extern C:\MCC18\v3_39\src\extended\proc\p18F26J50.asm
                UEP10bits   0x000f30       data     extern C:\MCC18\v3_39\src\extended\proc\p18F26J50.asm
                    UEP11   0x000f31       data     extern C:\MCC18\v3_39\src\extended\proc\p18F26J50.asm
                UEP11bits   0x000f31       data     extern C:\MCC18\v3_39\src\extended\proc\p18F26J50.asm
                    UEP12   0x000f32       data     extern C:\MCC18\v3_39\src\extended\proc\p18F26J50.asm
                UEP12bits   0x000f32       data     extern C:\MCC18\v3_39\src\extended\proc\p18F26J50.asm
                    UEP13   0x000f33       data     extern C:\MCC18\v3_39\src\extended\proc\p18F26J50.asm
                UEP13bits   0x000f33       data     extern C:\MCC18\v3_39\src\extended\proc\p18F26J50.asm
                    UEP14   0x000f34       data     extern C:\MCC18\v3_39\src\extended\proc\p18F26J50.asm
                UEP14bits   0x000f34       data     extern C:\MCC18\v3_39\src\extended\proc\p18F26J50.asm
                    UEP15   0x000f35       data     extern C:\MCC18\v3_39\src\extended\proc\p18F26J50.asm
                UEP15bits   0x000f35       data     extern C:\MCC18\v3_39\src\extended\proc\p18F26J50.asm
                 UEP1bits   0x000f27       data     extern C:\MCC18\v3_39\src\extended\proc\p18F26J50.asm
                     UEP2   0x000f28       data     extern C:\MCC18\v3_39\src\extended\proc\p18F26J50.asm
                 UEP2bits   0x000f28       data     extern C:\MCC18\v3_39\src\extended\proc\p18F26J50.asm
                     UEP3   0x000f29       data     extern C:\MCC18\v3_39\src\extended\proc\p18F26J50.asm
                 UEP3bits   0x000f29       data     extern C:\MCC18\v3_39\src\extended\proc\p18F26J50.asm
                     UEP4   0x000f2a       data     extern C:\MCC18\v3_39\src\extended\proc\p18F26J50.asm
                 UEP4bits   0x000f2a       data     extern C:\MCC18\v3_39\src\extended\proc\p18F26J50.asm
                     UEP5   0x000f2b       data     extern C:\MCC18\v3_39\src\extended\proc\p18F26J50.asm
                 UEP5bits   0x000f2b       data     extern C:\MCC18\v3_39\src\extended\proc\p18F26J50.asm
                     UEP6   0x000f2c       data     extern C:\MCC18\v3_39\src\extended\proc\p18F26J50.asm
                 UEP6bits   0x000f2c       data     extern C:\MCC18\v3_39\src\extended\proc\p18F26J50.asm
                     UEP7   0x000f2d       data     extern C:\MCC18\v3_39\src\extended\proc\p18F26J50.asm
                 UEP7bits   0x000f2d       data     extern C:\MCC18\v3_39\src\extended\proc\p18F26J50.asm
                     UEP8   0x000f2e       data     extern C:\MCC18\v3_39\src\extended\proc\p18F26J50.asm
                 UEP8bits   0x000f2e       data     extern C:\MCC18\v3_39\src\extended\proc\p18F26J50.asm
                     UEP9   0x000f2f       data     extern C:\MCC18\v3_39\src\extended\proc\p18F26J50.asm
                 UEP9bits   0x000f2f       data     extern C:\MCC18\v3_39\src\extended\proc\p18F26J50.asm
                     UFRM   0x000f60       data     extern C:\MCC18\v3_39\src\extended\proc\p18F26J50.asm
                    UFRMH   0x000f61       data     extern C:\MCC18\v3_39\src\extended\proc\p18F26J50.asm
                UFRMHbits   0x000f61       data     extern C:\MCC18\v3_39\src\extended\proc\p18F26J50.asm
                    UFRML   0x000f60       data     extern C:\MCC18\v3_39\src\extended\proc\p18F26J50.asm
                UFRMLbits   0x000f60       data     extern C:\MCC18\v3_39\src\extended\proc\p18F26J50.asm
                      UIE   0x000f36       data     extern C:\MCC18\v3_39\src\extended\proc\p18F26J50.asm
                  UIEbits   0x000f36       data     extern C:\MCC18\v3_39\src\extended\proc\p18F26J50.asm
                      UIR   0x000f62       data     extern C:\MCC18\v3_39\src\extended\proc\p18F26J50.asm
                  UIRbits   0x000f62       data     extern C:\MCC18\v3_39\src\extended\proc\p18F26J50.asm
                    USTAT   0x000f64       data     extern C:\MCC18\v3_39\src\extended\proc\p18F26J50.asm
                USTATbits   0x000f64       data     extern C:\MCC18\v3_39\src\extended\proc\p18F26J50.asm
                   WDTCON   0x000fc0       data     extern C:\MCC18\v3_39\src\extended\proc\p18F26J50.asm
               WDTCONbits   0x000fc0       data     extern C:\MCC18\v3_39\src\extended\proc\p18F26J50.asm
                     WREG   0x000fe8       data     extern C:\MCC18\v3_39\src\extended\proc\p18F26J50.asm
                     Wake   0x000003       data     extern E:\Documents\ClassFiles\ece4534\pic_code\26J50-I2C-Master\main.c
                  __tmp_0   0x000017       data     static C:\MCC18\v3_39\src\pmc_common\i2c\i2c1writ.c
                  __tmp_0   0x000017       data     static E:\Documents\ClassFiles\ece4534\pic_code\26J50-I2C-Master\main.c
                curr_byte   0x000010       data     static C:\MCC18\v3_39\src\extended\startup\c018i_e.c
               curr_entry   0x000012       data     static C:\MCC18\v3_39\src\extended\startup\c018i_e.c
                 data_ptr   0x000014       data     static C:\MCC18\v3_39\src\extended\startup\c018i_e.c
                     prom   0x00000d       data     static C:\MCC18\v3_39\src\extended\startup\c018i_e.c



                              Symbols - Sorted by Address
                     Name    Address   Location    Storage File                     
                ---------  ---------  ---------  --------- ---------                
                   _entry   0x000000    program     extern C:\MCC18\v3_39\src\extended\startup\c018i_e.c
       ___return_lbl00000   0x000004    program     static                          
            wait_a_little   0x000014    program     extern E:\Documents\ClassFiles\ece4534\pic_code\26J50-I2C-Master\main.c
                  I2C_out   0x00002e    program     extern E:\Documents\ClassFiles\ece4534\pic_code\26J50-I2C-Master\main.c
                I2C_Start   0x00004a    program     extern E:\Documents\ClassFiles\ece4534\pic_code\26J50-I2C-Master\main.c
                 I2C_Stop   0x000052    program     extern E:\Documents\ClassFiles\ece4534\pic_code\26J50-I2C-Master\main.c
                     Show   0x00005a    program     extern E:\Documents\ClassFiles\ece4534\pic_code\26J50-I2C-Master\main.c
                 init_LCD   0x0000b2    program     extern E:\Documents\ClassFiles\ece4534\pic_code\26J50-I2C-Master\main.c
                     main   0x000108    program     extern E:\Documents\ClassFiles\ece4534\pic_code\26J50-I2C-Master\main.c
                _do_cinit   0x000140    program     extern C:\MCC18\v3_39\src\extended\startup\c018i_e.c
                     test   0x00015a    program     static                          
                copy_loop   0x0001b2    program     static                          
            copy_one_byte   0x0001b8    program     static                          
             done_copying   0x0001c6    program     static                          
       ___return_lbl00002   0x0001dc    program     static                          
                     done   0x0001dc    program     static                          
                WriteI2C1   0x0001de    program     extern C:\MCC18\v3_39\src\pmc_common\i2c\i2c1writ.c
            __zero_memory   0x000260    program     extern C:\MCC18\v3_39\src\extended\proc\p18F26J50.asm
               zero_block   0x00026e    program     static C:\MCC18\v3_39\src\extended\proc\p18F26J50.asm
                   loop_h   0x00026e    program     static C:\MCC18\v3_39\src\extended\proc\p18F26J50.asm
                compare_l   0x000276    program     static C:\MCC18\v3_39\src\extended\proc\p18F26J50.asm
                   loop_l   0x000278    program     static C:\MCC18\v3_39\src\extended\proc\p18F26J50.asm
                 _startup   0x000280    program     extern C:\MCC18\v3_39\src\extended\startup\c018i_e.c
                     loop   0x00028e    program     static                          
       ___return_lbl00001   0x000298    program     static                          
               __string_0   0x00029a    program     static E:\Documents\ClassFiles\ece4534\pic_code\26J50-I2C-Master\main.c
                   __init   0x0002aa    program     extern C:\MCC18\v3_39\src\extended\stdclib\__init.c
                    Slave   0x000000       data     extern E:\Documents\ClassFiles\ece4534\pic_code\26J50-I2C-Master\main.c
                  Comsend   0x000001       data     extern E:\Documents\ClassFiles\ece4534\pic_code\26J50-I2C-Master\main.c
                 Datasend   0x000002       data     extern E:\Documents\ClassFiles\ece4534\pic_code\26J50-I2C-Master\main.c
                     Wake   0x000003       data     extern E:\Documents\ClassFiles\ece4534\pic_code\26J50-I2C-Master\main.c
                 Function   0x000004       data     extern E:\Documents\ClassFiles\ece4534\pic_code\26J50-I2C-Master\main.c
              Internalosc   0x000005       data     extern E:\Documents\ClassFiles\ece4534\pic_code\26J50-I2C-Master\main.c
             Powercontrol   0x000006       data     extern E:\Documents\ClassFiles\ece4534\pic_code\26J50-I2C-Master\main.c
          Followercontrol   0x000007       data     extern E:\Documents\ClassFiles\ece4534\pic_code\26J50-I2C-Master\main.c
                 Contrast   0x000008       data     extern E:\Documents\ClassFiles\ece4534\pic_code\26J50-I2C-Master\main.c
                Displayon   0x000009       data     extern E:\Documents\ClassFiles\ece4534\pic_code\26J50-I2C-Master\main.c
                Entrymode   0x00000a       data     extern E:\Documents\ClassFiles\ece4534\pic_code\26J50-I2C-Master\main.c
                    Clear   0x00000b       data     extern E:\Documents\ClassFiles\ece4534\pic_code\26J50-I2C-Master\main.c
                    Line2   0x00000c       data     extern E:\Documents\ClassFiles\ece4534\pic_code\26J50-I2C-Master\main.c
                     prom   0x00000d       data     static C:\MCC18\v3_39\src\extended\startup\c018i_e.c
                curr_byte   0x000010       data     static C:\MCC18\v3_39\src\extended\startup\c018i_e.c
               curr_entry   0x000012       data     static C:\MCC18\v3_39\src\extended\startup\c018i_e.c
                 data_ptr   0x000014       data     static C:\MCC18\v3_39\src\extended\startup\c018i_e.c
                  __tmp_0   0x000017       data     static C:\MCC18\v3_39\src\pmc_common\i2c\i2c1writ.c
                  __tmp_0   0x000017       data     static E:\Documents\ClassFiles\ece4534\pic_code\26J50-I2C-Master\main.c
                    RPOR0   0x000ec6       data     extern C:\MCC18\v3_39\src\extended\proc\p18F26J50.asm
                    RPOR1   0x000ec7       data     extern C:\MCC18\v3_39\src\extended\proc\p18F26J50.asm
                    RPOR2   0x000ec8       data     extern C:\MCC18\v3_39\src\extended\proc\p18F26J50.asm
                    RPOR3   0x000ec9       data     extern C:\MCC18\v3_39\src\extended\proc\p18F26J50.asm
                    RPOR4   0x000eca       data     extern C:\MCC18\v3_39\src\extended\proc\p18F26J50.asm
                    RPOR5   0x000ecb       data     extern C:\MCC18\v3_39\src\extended\proc\p18F26J50.asm
                    RPOR6   0x000ecc       data     extern C:\MCC18\v3_39\src\extended\proc\p18F26J50.asm
                    RPOR7   0x000ecd       data     extern C:\MCC18\v3_39\src\extended\proc\p18F26J50.asm
                    RPOR8   0x000ece       data     extern C:\MCC18\v3_39\src\extended\proc\p18F26J50.asm
                    RPOR9   0x000ecf       data     extern C:\MCC18\v3_39\src\extended\proc\p18F26J50.asm
                   RPOR10   0x000ed0       data     extern C:\MCC18\v3_39\src\extended\proc\p18F26J50.asm
                   RPOR11   0x000ed1       data     extern C:\MCC18\v3_39\src\extended\proc\p18F26J50.asm
                   RPOR12   0x000ed2       data     extern C:\MCC18\v3_39\src\extended\proc\p18F26J50.asm
                   RPOR13   0x000ed3       data     extern C:\MCC18\v3_39\src\extended\proc\p18F26J50.asm
                   RPOR17   0x000ed7       data     extern C:\MCC18\v3_39\src\extended\proc\p18F26J50.asm
                   RPOR18   0x000ed8       data     extern C:\MCC18\v3_39\src\extended\proc\p18F26J50.asm
                   RPINR1   0x000ee7       data     extern C:\MCC18\v3_39\src\extended\proc\p18F26J50.asm
                   RPINR2   0x000ee8       data     extern C:\MCC18\v3_39\src\extended\proc\p18F26J50.asm
                   RPINR3   0x000ee9       data     extern C:\MCC18\v3_39\src\extended\proc\p18F26J50.asm
                   RPINR4   0x000eea       data     extern C:\MCC18\v3_39\src\extended\proc\p18F26J50.asm
                   RPINR6   0x000eec       data     extern C:\MCC18\v3_39\src\extended\proc\p18F26J50.asm
                   RPINR7   0x000eed       data     extern C:\MCC18\v3_39\src\extended\proc\p18F26J50.asm
                   RPINR8   0x000eee       data     extern C:\MCC18\v3_39\src\extended\proc\p18F26J50.asm
                  RPINR12   0x000ef2       data     extern C:\MCC18\v3_39\src\extended\proc\p18F26J50.asm
                  RPINR13   0x000ef3       data     extern C:\MCC18\v3_39\src\extended\proc\p18F26J50.asm
                  RPINR16   0x000ef6       data     extern C:\MCC18\v3_39\src\extended\proc\p18F26J50.asm
                  RPINR17   0x000ef7       data     extern C:\MCC18\v3_39\src\extended\proc\p18F26J50.asm
                  RPINR21   0x000efb       data     extern C:\MCC18\v3_39\src\extended\proc\p18F26J50.asm
                  RPINR22   0x000efc       data     extern C:\MCC18\v3_39\src\extended\proc\p18F26J50.asm
                  RPINR23   0x000efd       data     extern C:\MCC18\v3_39\src\extended\proc\p18F26J50.asm
                  RPINR24   0x000efe       data     extern C:\MCC18\v3_39\src\extended\proc\p18F26J50.asm
               PPSCONbits   0x000eff       data     extern C:\MCC18\v3_39\src\extended\proc\p18F26J50.asm
                   PPSCON   0x000eff       data     extern C:\MCC18\v3_39\src\extended\proc\p18F26J50.asm
                     UEP0   0x000f26       data     extern C:\MCC18\v3_39\src\extended\proc\p18F26J50.asm
                 UEP0bits   0x000f26       data     extern C:\MCC18\v3_39\src\extended\proc\p18F26J50.asm
                 UEP1bits   0x000f27       data     extern C:\MCC18\v3_39\src\extended\proc\p18F26J50.asm
                     UEP1   0x000f27       data     extern C:\MCC18\v3_39\src\extended\proc\p18F26J50.asm
                     UEP2   0x000f28       data     extern C:\MCC18\v3_39\src\extended\proc\p18F26J50.asm
                 UEP2bits   0x000f28       data     extern C:\MCC18\v3_39\src\extended\proc\p18F26J50.asm
                     UEP3   0x000f29       data     extern C:\MCC18\v3_39\src\extended\proc\p18F26J50.asm
                 UEP3bits   0x000f29       data     extern C:\MCC18\v3_39\src\extended\proc\p18F26J50.asm
                     UEP4   0x000f2a       data     extern C:\MCC18\v3_39\src\extended\proc\p18F26J50.asm
                 UEP4bits   0x000f2a       data     extern C:\MCC18\v3_39\src\extended\proc\p18F26J50.asm
                     UEP5   0x000f2b       data     extern C:\MCC18\v3_39\src\extended\proc\p18F26J50.asm
                 UEP5bits   0x000f2b       data     extern C:\MCC18\v3_39\src\extended\proc\p18F26J50.asm
                     UEP6   0x000f2c       data     extern C:\MCC18\v3_39\src\extended\proc\p18F26J50.asm
                 UEP6bits   0x000f2c       data     extern C:\MCC18\v3_39\src\extended\proc\p18F26J50.asm
                     UEP7   0x000f2d       data     extern C:\MCC18\v3_39\src\extended\proc\p18F26J50.asm
                 UEP7bits   0x000f2d       data     extern C:\MCC18\v3_39\src\extended\proc\p18F26J50.asm
                 UEP8bits   0x000f2e       data     extern C:\MCC18\v3_39\src\extended\proc\p18F26J50.asm
                     UEP8   0x000f2e       data     extern C:\MCC18\v3_39\src\extended\proc\p18F26J50.asm
                 UEP9bits   0x000f2f       data     extern C:\MCC18\v3_39\src\extended\proc\p18F26J50.asm
                     UEP9   0x000f2f       data     extern C:\MCC18\v3_39\src\extended\proc\p18F26J50.asm
                UEP10bits   0x000f30       data     extern C:\MCC18\v3_39\src\extended\proc\p18F26J50.asm
                    UEP10   0x000f30       data     extern C:\MCC18\v3_39\src\extended\proc\p18F26J50.asm
                UEP11bits   0x000f31       data     extern C:\MCC18\v3_39\src\extended\proc\p18F26J50.asm
                    UEP11   0x000f31       data     extern C:\MCC18\v3_39\src\extended\proc\p18F26J50.asm
                UEP12bits   0x000f32       data     extern C:\MCC18\v3_39\src\extended\proc\p18F26J50.asm
                    UEP12   0x000f32       data     extern C:\MCC18\v3_39\src\extended\proc\p18F26J50.asm
                UEP13bits   0x000f33       data     extern C:\MCC18\v3_39\src\extended\proc\p18F26J50.asm
                    UEP13   0x000f33       data     extern C:\MCC18\v3_39\src\extended\proc\p18F26J50.asm
                UEP14bits   0x000f34       data     extern C:\MCC18\v3_39\src\extended\proc\p18F26J50.asm
                    UEP14   0x000f34       data     extern C:\MCC18\v3_39\src\extended\proc\p18F26J50.asm
                UEP15bits   0x000f35       data     extern C:\MCC18\v3_39\src\extended\proc\p18F26J50.asm
                    UEP15   0x000f35       data     extern C:\MCC18\v3_39\src\extended\proc\p18F26J50.asm
                      UIE   0x000f36       data     extern C:\MCC18\v3_39\src\extended\proc\p18F26J50.asm
                  UIEbits   0x000f36       data     extern C:\MCC18\v3_39\src\extended\proc\p18F26J50.asm
                 UEIEbits   0x000f37       data     extern C:\MCC18\v3_39\src\extended\proc\p18F26J50.asm
                     UEIE   0x000f37       data     extern C:\MCC18\v3_39\src\extended\proc\p18F26J50.asm
                UADDRbits   0x000f38       data     extern C:\MCC18\v3_39\src\extended\proc\p18F26J50.asm
                    UADDR   0x000f38       data     extern C:\MCC18\v3_39\src\extended\proc\p18F26J50.asm
                 UCFGbits   0x000f39       data     extern C:\MCC18\v3_39\src\extended\proc\p18F26J50.asm
                     UCFG   0x000f39       data     extern C:\MCC18\v3_39\src\extended\proc\p18F26J50.asm
                  PADCFG1   0x000f3c       data     extern C:\MCC18\v3_39\src\extended\proc\p18F26J50.asm
              PADCFG1bits   0x000f3c       data     extern C:\MCC18\v3_39\src\extended\proc\p18F26J50.asm
                  REFOCON   0x000f3d       data     extern C:\MCC18\v3_39\src\extended\proc\p18F26J50.asm
              REFOCONbits   0x000f3d       data     extern C:\MCC18\v3_39\src\extended\proc\p18F26J50.asm
               RTCCALbits   0x000f3e       data     extern C:\MCC18\v3_39\src\extended\proc\p18F26J50.asm
                   RTCCAL   0x000f3e       data     extern C:\MCC18\v3_39\src\extended\proc\p18F26J50.asm
               RTCCFGbits   0x000f3f       data     extern C:\MCC18\v3_39\src\extended\proc\p18F26J50.asm
                   RTCCFG   0x000f3f       data     extern C:\MCC18\v3_39\src\extended\proc\p18F26J50.asm
               ODCON3bits   0x000f40       data     extern C:\MCC18\v3_39\src\extended\proc\p18F26J50.asm
                   ODCON3   0x000f40       data     extern C:\MCC18\v3_39\src\extended\proc\p18F26J50.asm
               ODCON2bits   0x000f41       data     extern C:\MCC18\v3_39\src\extended\proc\p18F26J50.asm
                   ODCON2   0x000f41       data     extern C:\MCC18\v3_39\src\extended\proc\p18F26J50.asm
               ODCON1bits   0x000f42       data     extern C:\MCC18\v3_39\src\extended\proc\p18F26J50.asm
                   ODCON1   0x000f42       data     extern C:\MCC18\v3_39\src\extended\proc\p18F26J50.asm
                   ANCON0   0x000f48       data     extern C:\MCC18\v3_39\src\extended\proc\p18F26J50.asm
               ANCON0bits   0x000f48       data     extern C:\MCC18\v3_39\src\extended\proc\p18F26J50.asm
                   ANCON1   0x000f49       data     extern C:\MCC18\v3_39\src\extended\proc\p18F26J50.asm
               ANCON1bits   0x000f49       data     extern C:\MCC18\v3_39\src\extended\proc\p18F26J50.asm
              DSWAKELbits   0x000f4a       data     extern C:\MCC18\v3_39\src\extended\proc\p18F26J50.asm
                  DSWAKEL   0x000f4a       data     extern C:\MCC18\v3_39\src\extended\proc\p18F26J50.asm
              DSWAKEHbits   0x000f4b       data     extern C:\MCC18\v3_39\src\extended\proc\p18F26J50.asm
                  DSWAKEH   0x000f4b       data     extern C:\MCC18\v3_39\src\extended\proc\p18F26J50.asm
               DSCONLbits   0x000f4c       data     extern C:\MCC18\v3_39\src\extended\proc\p18F26J50.asm
                   DSCONL   0x000f4c       data     extern C:\MCC18\v3_39\src\extended\proc\p18F26J50.asm
               DSCONHbits   0x000f4d       data     extern C:\MCC18\v3_39\src\extended\proc\p18F26J50.asm
                   DSCONH   0x000f4d       data     extern C:\MCC18\v3_39\src\extended\proc\p18F26J50.asm
                   DSGPR0   0x000f4e       data     extern C:\MCC18\v3_39\src\extended\proc\p18F26J50.asm
                   DSGPR1   0x000f4f       data     extern C:\MCC18\v3_39\src\extended\proc\p18F26J50.asm
              TCLKCONbits   0x000f52       data     extern C:\MCC18\v3_39\src\extended\proc\p18F26J50.asm
                  TCLKCON   0x000f52       data     extern C:\MCC18\v3_39\src\extended\proc\p18F26J50.asm
               CVRCONbits   0x000f53       data     extern C:\MCC18\v3_39\src\extended\proc\p18F26J50.asm
                   CVRCON   0x000f53       data     extern C:\MCC18\v3_39\src\extended\proc\p18F26J50.asm
                     UFRM   0x000f60       data     extern C:\MCC18\v3_39\src\extended\proc\p18F26J50.asm
                UFRMLbits   0x000f60       data     extern C:\MCC18\v3_39\src\extended\proc\p18F26J50.asm
                    UFRML   0x000f60       data     extern C:\MCC18\v3_39\src\extended\proc\p18F26J50.asm
                    UFRMH   0x000f61       data     extern C:\MCC18\v3_39\src\extended\proc\p18F26J50.asm
                UFRMHbits   0x000f61       data     extern C:\MCC18\v3_39\src\extended\proc\p18F26J50.asm
                  UIRbits   0x000f62       data     extern C:\MCC18\v3_39\src\extended\proc\p18F26J50.asm
                      UIR   0x000f62       data     extern C:\MCC18\v3_39\src\extended\proc\p18F26J50.asm
                     UEIR   0x000f63       data     extern C:\MCC18\v3_39\src\extended\proc\p18F26J50.asm
                 UEIRbits   0x000f63       data     extern C:\MCC18\v3_39\src\extended\proc\p18F26J50.asm
                USTATbits   0x000f64       data     extern C:\MCC18\v3_39\src\extended\proc\p18F26J50.asm
                    USTAT   0x000f64       data     extern C:\MCC18\v3_39\src\extended\proc\p18F26J50.asm
                 UCONbits   0x000f65       data     extern C:\MCC18\v3_39\src\extended\proc\p18F26J50.asm
                     UCON   0x000f65       data     extern C:\MCC18\v3_39\src\extended\proc\p18F26J50.asm
               DMABCHbits   0x000f66       data     extern C:\MCC18\v3_39\src\extended\proc\p18F26J50.asm
                   DMABCH   0x000f66       data     extern C:\MCC18\v3_39\src\extended\proc\p18F26J50.asm
                   DMABCL   0x000f67       data     extern C:\MCC18\v3_39\src\extended\proc\p18F26J50.asm
              RXADDRHbits   0x000f68       data     extern C:\MCC18\v3_39\src\extended\proc\p18F26J50.asm
                  RXADDRH   0x000f68       data     extern C:\MCC18\v3_39\src\extended\proc\p18F26J50.asm
                  RXADDRL   0x000f69       data     extern C:\MCC18\v3_39\src\extended\proc\p18F26J50.asm
              TXADDRHbits   0x000f6a       data     extern C:\MCC18\v3_39\src\extended\proc\p18F26J50.asm
                  TXADDRH   0x000f6a       data     extern C:\MCC18\v3_39\src\extended\proc\p18F26J50.asm
                  TXADDRL   0x000f6b       data     extern C:\MCC18\v3_39\src\extended\proc\p18F26J50.asm
                   CMSTAT   0x000f70       data     extern C:\MCC18\v3_39\src\extended\proc\p18F26J50.asm
                 CMSTATUS   0x000f70       data     extern C:\MCC18\v3_39\src\extended\proc\p18F26J50.asm
             CMSTATUSbits   0x000f70       data     extern C:\MCC18\v3_39\src\extended\proc\p18F26J50.asm
               CMSTATbits   0x000f70       data     extern C:\MCC18\v3_39\src\extended\proc\p18F26J50.asm
                 SSP2CON2   0x000f71       data     extern C:\MCC18\v3_39\src\extended\proc\p18F26J50.asm
             SSP2CON2bits   0x000f71       data     extern C:\MCC18\v3_39\src\extended\proc\p18F26J50.asm
                 SSP2CON1   0x000f72       data     extern C:\MCC18\v3_39\src\extended\proc\p18F26J50.asm
             SSP2CON1bits   0x000f72       data     extern C:\MCC18\v3_39\src\extended\proc\p18F26J50.asm
                 SSP2STAT   0x000f73       data     extern C:\MCC18\v3_39\src\extended\proc\p18F26J50.asm
             SSP2STATbits   0x000f73       data     extern C:\MCC18\v3_39\src\extended\proc\p18F26J50.asm
                  SSP2ADD   0x000f74       data     extern C:\MCC18\v3_39\src\extended\proc\p18F26J50.asm
              SSP2ADDbits   0x000f74       data     extern C:\MCC18\v3_39\src\extended\proc\p18F26J50.asm
                  SSP2BUF   0x000f75       data     extern C:\MCC18\v3_39\src\extended\proc\p18F26J50.asm
                    T4CON   0x000f76       data     extern C:\MCC18\v3_39\src\extended\proc\p18F26J50.asm
                T4CONbits   0x000f76       data     extern C:\MCC18\v3_39\src\extended\proc\p18F26J50.asm
                      PR4   0x000f77       data     extern C:\MCC18\v3_39\src\extended\proc\p18F26J50.asm
                     TMR4   0x000f78       data     extern C:\MCC18\v3_39\src\extended\proc\p18F26J50.asm
                    T3CON   0x000f79       data     extern C:\MCC18\v3_39\src\extended\proc\p18F26J50.asm
                T3CONbits   0x000f79       data     extern C:\MCC18\v3_39\src\extended\proc\p18F26J50.asm
                    TMR3L   0x000f7a       data     extern C:\MCC18\v3_39\src\extended\proc\p18F26J50.asm
                    TMR3H   0x000f7b       data     extern C:\MCC18\v3_39\src\extended\proc\p18F26J50.asm
             BAUDCON2bits   0x000f7c       data     extern C:\MCC18\v3_39\src\extended\proc\p18F26J50.asm
                 BAUDCON2   0x000f7c       data     extern C:\MCC18\v3_39\src\extended\proc\p18F26J50.asm
                  SPBRGH2   0x000f7d       data     extern C:\MCC18\v3_39\src\extended\proc\p18F26J50.asm
              BAUDCTLbits   0x000f7e       data     extern C:\MCC18\v3_39\src\extended\proc\p18F26J50.asm
                  BAUDCTL   0x000f7e       data     extern C:\MCC18\v3_39\src\extended\proc\p18F26J50.asm
              BAUDCONbits   0x000f7e       data     extern C:\MCC18\v3_39\src\extended\proc\p18F26J50.asm
             BAUDCON1bits   0x000f7e       data     extern C:\MCC18\v3_39\src\extended\proc\p18F26J50.asm
                  BAUDCON   0x000f7e       data     extern C:\MCC18\v3_39\src\extended\proc\p18F26J50.asm
                 BAUDCON1   0x000f7e       data     extern C:\MCC18\v3_39\src\extended\proc\p18F26J50.asm
                   SPBRGH   0x000f7f       data     extern C:\MCC18\v3_39\src\extended\proc\p18F26J50.asm
                  SPBRGH1   0x000f7f       data     extern C:\MCC18\v3_39\src\extended\proc\p18F26J50.asm
                PORTAbits   0x000f80       data     extern C:\MCC18\v3_39\src\extended\proc\p18F26J50.asm
                    PORTA   0x000f80       data     extern C:\MCC18\v3_39\src\extended\proc\p18F26J50.asm
                PORTBbits   0x000f81       data     extern C:\MCC18\v3_39\src\extended\proc\p18F26J50.asm
                    PORTB   0x000f81       data     extern C:\MCC18\v3_39\src\extended\proc\p18F26J50.asm
                PORTCbits   0x000f82       data     extern C:\MCC18\v3_39\src\extended\proc\p18F26J50.asm
                    PORTC   0x000f82       data     extern C:\MCC18\v3_39\src\extended\proc\p18F26J50.asm
              HLVDCONbits   0x000f85       data     extern C:\MCC18\v3_39\src\extended\proc\p18F26J50.asm
                  HLVDCON   0x000f85       data     extern C:\MCC18\v3_39\src\extended\proc\p18F26J50.asm
              DMACON2bits   0x000f86       data     extern C:\MCC18\v3_39\src\extended\proc\p18F26J50.asm
                  DMACON2   0x000f86       data     extern C:\MCC18\v3_39\src\extended\proc\p18F26J50.asm
              DMACON1bits   0x000f88       data     extern C:\MCC18\v3_39\src\extended\proc\p18F26J50.asm
                  DMACON1   0x000f88       data     extern C:\MCC18\v3_39\src\extended\proc\p18F26J50.asm
                     LATA   0x000f89       data     extern C:\MCC18\v3_39\src\extended\proc\p18F26J50.asm
                 LATAbits   0x000f89       data     extern C:\MCC18\v3_39\src\extended\proc\p18F26J50.asm
                     LATB   0x000f8a       data     extern C:\MCC18\v3_39\src\extended\proc\p18F26J50.asm
                 LATBbits   0x000f8a       data     extern C:\MCC18\v3_39\src\extended\proc\p18F26J50.asm
                     LATC   0x000f8b       data     extern C:\MCC18\v3_39\src\extended\proc\p18F26J50.asm
                 LATCbits   0x000f8b       data     extern C:\MCC18\v3_39\src\extended\proc\p18F26J50.asm
                 ALRMVALL   0x000f8e       data     extern C:\MCC18\v3_39\src\extended\proc\p18F26J50.asm
                 ALRMVALH   0x000f8f       data     extern C:\MCC18\v3_39\src\extended\proc\p18F26J50.asm
                  ALRMRPT   0x000f90       data     extern C:\MCC18\v3_39\src\extended\proc\p18F26J50.asm
              ALRMRPTbits   0x000f90       data     extern C:\MCC18\v3_39\src\extended\proc\p18F26J50.asm
              ALRMCFGbits   0x000f91       data     extern C:\MCC18\v3_39\src\extended\proc\p18F26J50.asm
                  ALRMCFG   0x000f91       data     extern C:\MCC18\v3_39\src\extended\proc\p18F26J50.asm
                TRISAbits   0x000f92       data     extern C:\MCC18\v3_39\src\extended\proc\p18F26J50.asm
                    TRISA   0x000f92       data     extern C:\MCC18\v3_39\src\extended\proc\p18F26J50.asm
                TRISBbits   0x000f93       data     extern C:\MCC18\v3_39\src\extended\proc\p18F26J50.asm
                    TRISB   0x000f93       data     extern C:\MCC18\v3_39\src\extended\proc\p18F26J50.asm
                    TRISC   0x000f94       data     extern C:\MCC18\v3_39\src\extended\proc\p18F26J50.asm
                TRISCbits   0x000f94       data     extern C:\MCC18\v3_39\src\extended\proc\p18F26J50.asm
                   T3GCON   0x000f97       data     extern C:\MCC18\v3_39\src\extended\proc\p18F26J50.asm
               T3GCONbits   0x000f97       data     extern C:\MCC18\v3_39\src\extended\proc\p18F26J50.asm
                  RTCVALL   0x000f98       data     extern C:\MCC18\v3_39\src\extended\proc\p18F26J50.asm
                  RTCVALH   0x000f99       data     extern C:\MCC18\v3_39\src\extended\proc\p18F26J50.asm
               T1GCONbits   0x000f9a       data     extern C:\MCC18\v3_39\src\extended\proc\p18F26J50.asm
                   T1GCON   0x000f9a       data     extern C:\MCC18\v3_39\src\extended\proc\p18F26J50.asm
              OSCTUNEbits   0x000f9b       data     extern C:\MCC18\v3_39\src\extended\proc\p18F26J50.asm
                  OSCTUNE   0x000f9b       data     extern C:\MCC18\v3_39\src\extended\proc\p18F26J50.asm
                   RCSTA2   0x000f9c       data     extern C:\MCC18\v3_39\src\extended\proc\p18F26J50.asm
               RCSTA2bits   0x000f9c       data     extern C:\MCC18\v3_39\src\extended\proc\p18F26J50.asm
                     PIE1   0x000f9d       data     extern C:\MCC18\v3_39\src\extended\proc\p18F26J50.asm
                 PIE1bits   0x000f9d       data     extern C:\MCC18\v3_39\src\extended\proc\p18F26J50.asm
                 PIR1bits   0x000f9e       data     extern C:\MCC18\v3_39\src\extended\proc\p18F26J50.asm
                     PIR1   0x000f9e       data     extern C:\MCC18\v3_39\src\extended\proc\p18F26J50.asm
                 IPR1bits   0x000f9f       data     extern C:\MCC18\v3_39\src\extended\proc\p18F26J50.asm
                     IPR1   0x000f9f       data     extern C:\MCC18\v3_39\src\extended\proc\p18F26J50.asm
                     PIE2   0x000fa0       data     extern C:\MCC18\v3_39\src\extended\proc\p18F26J50.asm
                 PIE2bits   0x000fa0       data     extern C:\MCC18\v3_39\src\extended\proc\p18F26J50.asm
                     PIR2   0x000fa1       data     extern C:\MCC18\v3_39\src\extended\proc\p18F26J50.asm
                 PIR2bits   0x000fa1       data     extern C:\MCC18\v3_39\src\extended\proc\p18F26J50.asm
                 IPR2bits   0x000fa2       data     extern C:\MCC18\v3_39\src\extended\proc\p18F26J50.asm
                     IPR2   0x000fa2       data     extern C:\MCC18\v3_39\src\extended\proc\p18F26J50.asm
                     PIE3   0x000fa3       data     extern C:\MCC18\v3_39\src\extended\proc\p18F26J50.asm
                 PIE3bits   0x000fa3       data     extern C:\MCC18\v3_39\src\extended\proc\p18F26J50.asm
                 PIR3bits   0x000fa4       data     extern C:\MCC18\v3_39\src\extended\proc\p18F26J50.asm
                     PIR3   0x000fa4       data     extern C:\MCC18\v3_39\src\extended\proc\p18F26J50.asm
                     IPR3   0x000fa5       data     extern C:\MCC18\v3_39\src\extended\proc\p18F26J50.asm
                 IPR3bits   0x000fa5       data     extern C:\MCC18\v3_39\src\extended\proc\p18F26J50.asm
               EECON1bits   0x000fa6       data     extern C:\MCC18\v3_39\src\extended\proc\p18F26J50.asm
                   EECON1   0x000fa6       data     extern C:\MCC18\v3_39\src\extended\proc\p18F26J50.asm
                   EECON2   0x000fa7       data     extern C:\MCC18\v3_39\src\extended\proc\p18F26J50.asm
               TXSTA2bits   0x000fa8       data     extern C:\MCC18\v3_39\src\extended\proc\p18F26J50.asm
                   TXSTA2   0x000fa8       data     extern C:\MCC18\v3_39\src\extended\proc\p18F26J50.asm
                   TXREG2   0x000fa9       data     extern C:\MCC18\v3_39\src\extended\proc\p18F26J50.asm
                   RCREG2   0x000faa       data     extern C:\MCC18\v3_39\src\extended\proc\p18F26J50.asm
                   SPBRG2   0x000fab       data     extern C:\MCC18\v3_39\src\extended\proc\p18F26J50.asm
                RCSTAbits   0x000fac       data     extern C:\MCC18\v3_39\src\extended\proc\p18F26J50.asm
               RCSTA1bits   0x000fac       data     extern C:\MCC18\v3_39\src\extended\proc\p18F26J50.asm
                   RCSTA1   0x000fac       data     extern C:\MCC18\v3_39\src\extended\proc\p18F26J50.asm
                    RCSTA   0x000fac       data     extern C:\MCC18\v3_39\src\extended\proc\p18F26J50.asm
                    TXSTA   0x000fad       data     extern C:\MCC18\v3_39\src\extended\proc\p18F26J50.asm
                   TXSTA1   0x000fad       data     extern C:\MCC18\v3_39\src\extended\proc\p18F26J50.asm
               TXSTA1bits   0x000fad       data     extern C:\MCC18\v3_39\src\extended\proc\p18F26J50.asm
                TXSTAbits   0x000fad       data     extern C:\MCC18\v3_39\src\extended\proc\p18F26J50.asm
                    TXREG   0x000fae       data     extern C:\MCC18\v3_39\src\extended\proc\p18F26J50.asm
                   TXREG1   0x000fae       data     extern C:\MCC18\v3_39\src\extended\proc\p18F26J50.asm
                   RCREG1   0x000faf       data     extern C:\MCC18\v3_39\src\extended\proc\p18F26J50.asm
                    RCREG   0x000faf       data     extern C:\MCC18\v3_39\src\extended\proc\p18F26J50.asm
                    SPBRG   0x000fb0       data     extern C:\MCC18\v3_39\src\extended\proc\p18F26J50.asm
                   SPBRG1   0x000fb0       data     extern C:\MCC18\v3_39\src\extended\proc\p18F26J50.asm
             CTMUICONbits   0x000fb1       data     extern C:\MCC18\v3_39\src\extended\proc\p18F26J50.asm
                 CTMUICON   0x000fb1       data     extern C:\MCC18\v3_39\src\extended\proc\p18F26J50.asm
             CTMUCONLbits   0x000fb2       data     extern C:\MCC18\v3_39\src\extended\proc\p18F26J50.asm
                 CTMUCONL   0x000fb2       data     extern C:\MCC18\v3_39\src\extended\proc\p18F26J50.asm
                 CTMUCONH   0x000fb3       data     extern C:\MCC18\v3_39\src\extended\proc\p18F26J50.asm
             CTMUCONHbits   0x000fb3       data     extern C:\MCC18\v3_39\src\extended\proc\p18F26J50.asm
                 ECCP2CON   0x000fb4       data     extern C:\MCC18\v3_39\src\extended\proc\p18F26J50.asm
             ECCP2CONbits   0x000fb4       data     extern C:\MCC18\v3_39\src\extended\proc\p18F26J50.asm
                  CCP2CON   0x000fb4       data     extern C:\MCC18\v3_39\src\extended\proc\p18F26J50.asm
              CCP2CONbits   0x000fb4       data     extern C:\MCC18\v3_39\src\extended\proc\p18F26J50.asm
                    CCPR2   0x000fb5       data     extern C:\MCC18\v3_39\src\extended\proc\p18F26J50.asm
                   CCPR2L   0x000fb5       data     extern C:\MCC18\v3_39\src\extended\proc\p18F26J50.asm
                   CCPR2H   0x000fb6       data     extern C:\MCC18\v3_39\src\extended\proc\p18F26J50.asm
              PWM2CONbits   0x000fb7       data     extern C:\MCC18\v3_39\src\extended\proc\p18F26J50.asm
                  PWM2CON   0x000fb7       data     extern C:\MCC18\v3_39\src\extended\proc\p18F26J50.asm
                 ECCP2DEL   0x000fb7       data     extern C:\MCC18\v3_39\src\extended\proc\p18F26J50.asm
             ECCP2DELbits   0x000fb7       data     extern C:\MCC18\v3_39\src\extended\proc\p18F26J50.asm
              ECCP2ASbits   0x000fb8       data     extern C:\MCC18\v3_39\src\extended\proc\p18F26J50.asm
                  ECCP2AS   0x000fb8       data     extern C:\MCC18\v3_39\src\extended\proc\p18F26J50.asm
                 PSTR2CON   0x000fb9       data     extern C:\MCC18\v3_39\src\extended\proc\p18F26J50.asm
             PSTR2CONbits   0x000fb9       data     extern C:\MCC18\v3_39\src\extended\proc\p18F26J50.asm
              CCP1CONbits   0x000fba       data     extern C:\MCC18\v3_39\src\extended\proc\p18F26J50.asm
                  CCP1CON   0x000fba       data     extern C:\MCC18\v3_39\src\extended\proc\p18F26J50.asm
                 ECCP1CON   0x000fba       data     extern C:\MCC18\v3_39\src\extended\proc\p18F26J50.asm
             ECCP1CONbits   0x000fba       data     extern C:\MCC18\v3_39\src\extended\proc\p18F26J50.asm
                   CCPR1L   0x000fbb       data     extern C:\MCC18\v3_39\src\extended\proc\p18F26J50.asm
                    CCPR1   0x000fbb       data     extern C:\MCC18\v3_39\src\extended\proc\p18F26J50.asm
                   CCPR1H   0x000fbc       data     extern C:\MCC18\v3_39\src\extended\proc\p18F26J50.asm
                 ECCP1DEL   0x000fbd       data     extern C:\MCC18\v3_39\src\extended\proc\p18F26J50.asm
             ECCP1DELbits   0x000fbd       data     extern C:\MCC18\v3_39\src\extended\proc\p18F26J50.asm
                  PWM1CON   0x000fbd       data     extern C:\MCC18\v3_39\src\extended\proc\p18F26J50.asm
              PWM1CONbits   0x000fbd       data     extern C:\MCC18\v3_39\src\extended\proc\p18F26J50.asm
              ECCP1ASbits   0x000fbe       data     extern C:\MCC18\v3_39\src\extended\proc\p18F26J50.asm
                  ECCP1AS   0x000fbe       data     extern C:\MCC18\v3_39\src\extended\proc\p18F26J50.asm
                 PSTR1CON   0x000fbf       data     extern C:\MCC18\v3_39\src\extended\proc\p18F26J50.asm
             PSTR1CONbits   0x000fbf       data     extern C:\MCC18\v3_39\src\extended\proc\p18F26J50.asm
                   WDTCON   0x000fc0       data     extern C:\MCC18\v3_39\src\extended\proc\p18F26J50.asm
               WDTCONbits   0x000fc0       data     extern C:\MCC18\v3_39\src\extended\proc\p18F26J50.asm
                   ADCON1   0x000fc1       data     extern C:\MCC18\v3_39\src\extended\proc\p18F26J50.asm
               ADCON1bits   0x000fc1       data     extern C:\MCC18\v3_39\src\extended\proc\p18F26J50.asm
               ADCON0bits   0x000fc2       data     extern C:\MCC18\v3_39\src\extended\proc\p18F26J50.asm
                   ADCON0   0x000fc2       data     extern C:\MCC18\v3_39\src\extended\proc\p18F26J50.asm
                   ADRESL   0x000fc3       data     extern C:\MCC18\v3_39\src\extended\proc\p18F26J50.asm
                    ADRES   0x000fc3       data     extern C:\MCC18\v3_39\src\extended\proc\p18F26J50.asm
                   ADRESH   0x000fc4       data     extern C:\MCC18\v3_39\src\extended\proc\p18F26J50.asm
              SSPCON2bits   0x000fc5       data     extern C:\MCC18\v3_39\src\extended\proc\p18F26J50.asm
                  SSPCON2   0x000fc5       data     extern C:\MCC18\v3_39\src\extended\proc\p18F26J50.asm
                 SSP1CON2   0x000fc5       data     extern C:\MCC18\v3_39\src\extended\proc\p18F26J50.asm
             SSP1CON2bits   0x000fc5       data     extern C:\MCC18\v3_39\src\extended\proc\p18F26J50.asm
             SSP1CON1bits   0x000fc6       data     extern C:\MCC18\v3_39\src\extended\proc\p18F26J50.asm
                 SSP1CON1   0x000fc6       data     extern C:\MCC18\v3_39\src\extended\proc\p18F26J50.asm
                  SSPCON1   0x000fc6       data     extern C:\MCC18\v3_39\src\extended\proc\p18F26J50.asm
              SSPCON1bits   0x000fc6       data     extern C:\MCC18\v3_39\src\extended\proc\p18F26J50.asm
                 SSP1STAT   0x000fc7       data     extern C:\MCC18\v3_39\src\extended\proc\p18F26J50.asm
             SSP1STATbits   0x000fc7       data     extern C:\MCC18\v3_39\src\extended\proc\p18F26J50.asm
              SSPSTATbits   0x000fc7       data     extern C:\MCC18\v3_39\src\extended\proc\p18F26J50.asm
                  SSPSTAT   0x000fc7       data     extern C:\MCC18\v3_39\src\extended\proc\p18F26J50.asm
                   SSPADD   0x000fc8       data     extern C:\MCC18\v3_39\src\extended\proc\p18F26J50.asm
               SSPADDbits   0x000fc8       data     extern C:\MCC18\v3_39\src\extended\proc\p18F26J50.asm
                  SSP1ADD   0x000fc8       data     extern C:\MCC18\v3_39\src\extended\proc\p18F26J50.asm
              SSP1ADDbits   0x000fc8       data     extern C:\MCC18\v3_39\src\extended\proc\p18F26J50.asm
                   SSPBUF   0x000fc9       data     extern C:\MCC18\v3_39\src\extended\proc\p18F26J50.asm
                  SSP1BUF   0x000fc9       data     extern C:\MCC18\v3_39\src\extended\proc\p18F26J50.asm
                    T2CON   0x000fca       data     extern C:\MCC18\v3_39\src\extended\proc\p18F26J50.asm
                T2CONbits   0x000fca       data     extern C:\MCC18\v3_39\src\extended\proc\p18F26J50.asm
                      PR2   0x000fcb       data     extern C:\MCC18\v3_39\src\extended\proc\p18F26J50.asm
                     TMR2   0x000fcc       data     extern C:\MCC18\v3_39\src\extended\proc\p18F26J50.asm
                T1CONbits   0x000fcd       data     extern C:\MCC18\v3_39\src\extended\proc\p18F26J50.asm
                    T1CON   0x000fcd       data     extern C:\MCC18\v3_39\src\extended\proc\p18F26J50.asm
                    TMR1L   0x000fce       data     extern C:\MCC18\v3_39\src\extended\proc\p18F26J50.asm
                    TMR1H   0x000fcf       data     extern C:\MCC18\v3_39\src\extended\proc\p18F26J50.asm
                 RCONbits   0x000fd0       data     extern C:\MCC18\v3_39\src\extended\proc\p18F26J50.asm
                     RCON   0x000fd0       data     extern C:\MCC18\v3_39\src\extended\proc\p18F26J50.asm
                  CM2CON1   0x000fd1       data     extern C:\MCC18\v3_39\src\extended\proc\p18F26J50.asm
               CM2CONbits   0x000fd1       data     extern C:\MCC18\v3_39\src\extended\proc\p18F26J50.asm
                   CM2CON   0x000fd1       data     extern C:\MCC18\v3_39\src\extended\proc\p18F26J50.asm
              CM2CON1bits   0x000fd1       data     extern C:\MCC18\v3_39\src\extended\proc\p18F26J50.asm
               CM1CONbits   0x000fd2       data     extern C:\MCC18\v3_39\src\extended\proc\p18F26J50.asm
              CM1CON1bits   0x000fd2       data     extern C:\MCC18\v3_39\src\extended\proc\p18F26J50.asm
                  CM1CON1   0x000fd2       data     extern C:\MCC18\v3_39\src\extended\proc\p18F26J50.asm
                   CM1CON   0x000fd2       data     extern C:\MCC18\v3_39\src\extended\proc\p18F26J50.asm
                   OSCCON   0x000fd3       data     extern C:\MCC18\v3_39\src\extended\proc\p18F26J50.asm
               OSCCONbits   0x000fd3       data     extern C:\MCC18\v3_39\src\extended\proc\p18F26J50.asm
                T0CONbits   0x000fd5       data     extern C:\MCC18\v3_39\src\extended\proc\p18F26J50.asm
                    T0CON   0x000fd5       data     extern C:\MCC18\v3_39\src\extended\proc\p18F26J50.asm
                    TMR0L   0x000fd6       data     extern C:\MCC18\v3_39\src\extended\proc\p18F26J50.asm
                    TMR0H   0x000fd7       data     extern C:\MCC18\v3_39\src\extended\proc\p18F26J50.asm
               STATUSbits   0x000fd8       data     extern C:\MCC18\v3_39\src\extended\proc\p18F26J50.asm
                   STATUS   0x000fd8       data     extern C:\MCC18\v3_39\src\extended\proc\p18F26J50.asm
                    FSR2L   0x000fd9       data     extern C:\MCC18\v3_39\src\extended\proc\p18F26J50.asm
                     FSR2   0x000fd9       data     extern C:\MCC18\v3_39\src\extended\proc\p18F26J50.asm
                    FSR2H   0x000fda       data     extern C:\MCC18\v3_39\src\extended\proc\p18F26J50.asm
                   PLUSW2   0x000fdb       data     extern C:\MCC18\v3_39\src\extended\proc\p18F26J50.asm
                  PREINC2   0x000fdc       data     extern C:\MCC18\v3_39\src\extended\proc\p18F26J50.asm
                 POSTDEC2   0x000fdd       data     extern C:\MCC18\v3_39\src\extended\proc\p18F26J50.asm
                 POSTINC2   0x000fde       data     extern C:\MCC18\v3_39\src\extended\proc\p18F26J50.asm
                    INDF2   0x000fdf       data     extern C:\MCC18\v3_39\src\extended\proc\p18F26J50.asm
                      BSR   0x000fe0       data     extern C:\MCC18\v3_39\src\extended\proc\p18F26J50.asm
                     FSR1   0x000fe1       data     extern C:\MCC18\v3_39\src\extended\proc\p18F26J50.asm
                    FSR1L   0x000fe1       data     extern C:\MCC18\v3_39\src\extended\proc\p18F26J50.asm
                    FSR1H   0x000fe2       data     extern C:\MCC18\v3_39\src\extended\proc\p18F26J50.asm
                   PLUSW1   0x000fe3       data     extern C:\MCC18\v3_39\src\extended\proc\p18F26J50.asm
                  PREINC1   0x000fe4       data     extern C:\MCC18\v3_39\src\extended\proc\p18F26J50.asm
                 POSTDEC1   0x000fe5       data     extern C:\MCC18\v3_39\src\extended\proc\p18F26J50.asm
                 POSTINC1   0x000fe6       data     extern C:\MCC18\v3_39\src\extended\proc\p18F26J50.asm
                    INDF1   0x000fe7       data     extern C:\MCC18\v3_39\src\extended\proc\p18F26J50.asm
                     WREG   0x000fe8       data     extern C:\MCC18\v3_39\src\extended\proc\p18F26J50.asm
                    FSR0L   0x000fe9       data     extern C:\MCC18\v3_39\src\extended\proc\p18F26J50.asm
                     FSR0   0x000fe9       data     extern C:\MCC18\v3_39\src\extended\proc\p18F26J50.asm
                    FSR0H   0x000fea       data     extern C:\MCC18\v3_39\src\extended\proc\p18F26J50.asm
                   PLUSW0   0x000feb       data     extern C:\MCC18\v3_39\src\extended\proc\p18F26J50.asm
                  PREINC0   0x000fec       data     extern C:\MCC18\v3_39\src\extended\proc\p18F26J50.asm
                 POSTDEC0   0x000fed       data     extern C:\MCC18\v3_39\src\extended\proc\p18F26J50.asm
                 POSTINC0   0x000fee       data     extern C:\MCC18\v3_39\src\extended\proc\p18F26J50.asm
                    INDF0   0x000fef       data     extern C:\MCC18\v3_39\src\extended\proc\p18F26J50.asm
              INTCON3bits   0x000ff0       data     extern C:\MCC18\v3_39\src\extended\proc\p18F26J50.asm
                  INTCON3   0x000ff0       data     extern C:\MCC18\v3_39\src\extended\proc\p18F26J50.asm
              INTCON2bits   0x000ff1       data     extern C:\MCC18\v3_39\src\extended\proc\p18F26J50.asm
                  INTCON2   0x000ff1       data     extern C:\MCC18\v3_39\src\extended\proc\p18F26J50.asm
                   INTCON   0x000ff2       data     extern C:\MCC18\v3_39\src\extended\proc\p18F26J50.asm
               INTCONbits   0x000ff2       data     extern C:\MCC18\v3_39\src\extended\proc\p18F26J50.asm
                     PROD   0x000ff3       data     extern C:\MCC18\v3_39\src\extended\proc\p18F26J50.asm
                    PRODL   0x000ff3       data     extern C:\MCC18\v3_39\src\extended\proc\p18F26J50.asm
                    PRODH   0x000ff4       data     extern C:\MCC18\v3_39\src\extended\proc\p18F26J50.asm
                   TABLAT   0x000ff5       data     extern C:\MCC18\v3_39\src\extended\proc\p18F26J50.asm
                  TBLPTRL   0x000ff6       data     extern C:\MCC18\v3_39\src\extended\proc\p18F26J50.asm
                   TBLPTR   0x000ff6       data     extern C:\MCC18\v3_39\src\extended\proc\p18F26J50.asm
                  TBLPTRH   0x000ff7       data     extern C:\MCC18\v3_39\src\extended\proc\p18F26J50.asm
                  TBLPTRU   0x000ff8       data     extern C:\MCC18\v3_39\src\extended\proc\p18F26J50.asm
                       PC   0x000ff9       data     extern C:\MCC18\v3_39\src\extended\proc\p18F26J50.asm
                      PCL   0x000ff9       data     extern C:\MCC18\v3_39\src\extended\proc\p18F26J50.asm
                   PCLATH   0x000ffa       data     extern C:\MCC18\v3_39\src\extended\proc\p18F26J50.asm
                   PCLATU   0x000ffb       data     extern C:\MCC18\v3_39\src\extended\proc\p18F26J50.asm
               STKPTRbits   0x000ffc       data     extern C:\MCC18\v3_39\src\extended\proc\p18F26J50.asm
                   STKPTR   0x000ffc       data     extern C:\MCC18\v3_39\src\extended\proc\p18F26J50.asm
                     TOSL   0x000ffd       data     extern C:\MCC18\v3_39\src\extended\proc\p18F26J50.asm
                      TOS   0x000ffd       data     extern C:\MCC18\v3_39\src\extended\proc\p18F26J50.asm
                     TOSH   0x000ffe       data     extern C:\MCC18\v3_39\src\extended\proc\p18F26J50.asm
                     TOSU   0x000fff       data     extern C:\MCC18\v3_39\src\extended\proc\p18F26J50.asm


